syscalls.c:14:6:initialise_monitor_handles	4	static
syscalls.c:18:5:_getpid	4	static
syscalls.c:23:5:_kill	16	static
unistd.h:18:6:_exit	16	static
syscalls.c:35:27:_read	32	static
syscalls.c:47:27:_write	32	static
syscalls.c:57:5:_close	16	static
syscalls.c:62:5:_fstat	16	static
syscalls.c:68:5:_isatty	16	static
syscalls.c:73:5:_lseek	24	static
syscalls.c:78:5:_open	12	static
syscalls.c:83:5:_wait	16	static
syscalls.c:89:5:_unlink	16	static
syscalls.c:95:5:_times	16	static
syscalls.c:100:5:_stat	16	static
syscalls.c:106:5:_link	16	static
syscalls.c:112:5:_fork	8	static
syscalls.c:118:5:_execve	24	static
syscalls.c:125:9:_sbrk	24	static
