Archive member included to satisfy reference by file (symbol)

/opt/homebrew/Cellar/gcc-arm-none-eabi/20160928/bin/../lib/gcc/arm-none-eabi/5.4.1/../../../../arm-none-eabi/lib/armv7e-m/fpu/libc_nano.a(lib_a-exit.o)
                              /opt/homebrew/Cellar/gcc-arm-none-eabi/20160928/bin/../lib/gcc/arm-none-eabi/5.4.1/../../../../arm-none-eabi/lib/armv7e-m/fpu/crt0.o (exit)
/opt/homebrew/Cellar/gcc-arm-none-eabi/20160928/bin/../lib/gcc/arm-none-eabi/5.4.1/../../../../arm-none-eabi/lib/armv7e-m/fpu/libc_nano.a(lib_a-impure.o)
                              /opt/homebrew/Cellar/gcc-arm-none-eabi/20160928/bin/../lib/gcc/arm-none-eabi/5.4.1/../../../../arm-none-eabi/lib/armv7e-m/fpu/libc_nano.a(lib_a-exit.o) (_global_impure_ptr)
/opt/homebrew/Cellar/gcc-arm-none-eabi/20160928/bin/../lib/gcc/arm-none-eabi/5.4.1/../../../../arm-none-eabi/lib/armv7e-m/fpu/libc_nano.a(lib_a-init.o)
                              /opt/homebrew/Cellar/gcc-arm-none-eabi/20160928/bin/../lib/gcc/arm-none-eabi/5.4.1/../../../../arm-none-eabi/lib/armv7e-m/fpu/crt0.o (__libc_init_array)
/opt/homebrew/Cellar/gcc-arm-none-eabi/20160928/bin/../lib/gcc/arm-none-eabi/5.4.1/../../../../arm-none-eabi/lib/armv7e-m/fpu/libc_nano.a(lib_a-memset.o)
                              /opt/homebrew/Cellar/gcc-arm-none-eabi/20160928/bin/../lib/gcc/arm-none-eabi/5.4.1/../../../../arm-none-eabi/lib/armv7e-m/fpu/crt0.o (memset)
/opt/homebrew/Cellar/gcc-arm-none-eabi/20160928/bin/../lib/gcc/arm-none-eabi/5.4.1/armv7e-m/fpu/libgcc.a(_aeabi_uldivmod.o)
                              CMakeFiles/STM32F446RE_ADC.dir/libs/STM32F4xx_HAL_Driver/Src/stm32f4xx_hal_rcc.c.obj (__aeabi_uldivmod)
/opt/homebrew/Cellar/gcc-arm-none-eabi/20160928/bin/../lib/gcc/arm-none-eabi/5.4.1/armv7e-m/fpu/libgcc.a(_udivmoddi4.o)
                              /opt/homebrew/Cellar/gcc-arm-none-eabi/20160928/bin/../lib/gcc/arm-none-eabi/5.4.1/armv7e-m/fpu/libgcc.a(_aeabi_uldivmod.o) (__udivmoddi4)
/opt/homebrew/Cellar/gcc-arm-none-eabi/20160928/bin/../lib/gcc/arm-none-eabi/5.4.1/armv7e-m/fpu/libgcc.a(_dvmd_tls.o)
                              /opt/homebrew/Cellar/gcc-arm-none-eabi/20160928/bin/../lib/gcc/arm-none-eabi/5.4.1/armv7e-m/fpu/libgcc.a(_aeabi_uldivmod.o) (__aeabi_ldiv0)
/opt/homebrew/Cellar/gcc-arm-none-eabi/20160928/bin/../lib/gcc/arm-none-eabi/5.4.1/../../../../arm-none-eabi/lib/armv7e-m/fpu/libg_nano.a(lib_a-errno.o)
                              CMakeFiles/STM32F446RE_ADC.dir/syscalls.c.obj (__errno)
/opt/homebrew/Cellar/gcc-arm-none-eabi/20160928/bin/../lib/gcc/arm-none-eabi/5.4.1/../../../../arm-none-eabi/lib/armv7e-m/fpu/libg_nano.a(lib_a-memcpy-stub.o)
                              CMakeFiles/STM32F446RE_ADC.dir/libs/stm32-ssd1306/ssd1306/ssd1306.c.obj (memcpy)
/opt/homebrew/Cellar/gcc-arm-none-eabi/20160928/bin/../lib/gcc/arm-none-eabi/5.4.1/../../../../arm-none-eabi/lib/armv7e-m/fpu/libg_nano.a(lib_a-snprintf.o)
                              CMakeFiles/STM32F446RE_ADC.dir/report_task.c.obj (snprintf)
/opt/homebrew/Cellar/gcc-arm-none-eabi/20160928/bin/../lib/gcc/arm-none-eabi/5.4.1/../../../../arm-none-eabi/lib/armv7e-m/fpu/libg_nano.a(lib_a-sprintf.o)
                              CMakeFiles/STM32F446RE_ADC.dir/libs/FreeRTOS/tasks.c.obj (sprintf)
/opt/homebrew/Cellar/gcc-arm-none-eabi/20160928/bin/../lib/gcc/arm-none-eabi/5.4.1/../../../../arm-none-eabi/lib/armv7e-m/fpu/libg_nano.a(lib_a-strcpy.o)
                              CMakeFiles/STM32F446RE_ADC.dir/libs/FreeRTOS/tasks.c.obj (strcpy)
/opt/homebrew/Cellar/gcc-arm-none-eabi/20160928/bin/../lib/gcc/arm-none-eabi/5.4.1/../../../../arm-none-eabi/lib/armv7e-m/fpu/libg_nano.a(lib_a-strlen.o)
                              CMakeFiles/STM32F446RE_ADC.dir/libs/FreeRTOS/tasks.c.obj (strlen)
/opt/homebrew/Cellar/gcc-arm-none-eabi/20160928/bin/../lib/gcc/arm-none-eabi/5.4.1/../../../../arm-none-eabi/lib/armv7e-m/fpu/libg_nano.a(lib_a-nano-svfprintf.o)
                              /opt/homebrew/Cellar/gcc-arm-none-eabi/20160928/bin/../lib/gcc/arm-none-eabi/5.4.1/../../../../arm-none-eabi/lib/armv7e-m/fpu/libg_nano.a(lib_a-snprintf.o) (_svfprintf_r)
/opt/homebrew/Cellar/gcc-arm-none-eabi/20160928/bin/../lib/gcc/arm-none-eabi/5.4.1/../../../../arm-none-eabi/lib/armv7e-m/fpu/libg_nano.a(lib_a-nano-vfprintf_i.o)
                              /opt/homebrew/Cellar/gcc-arm-none-eabi/20160928/bin/../lib/gcc/arm-none-eabi/5.4.1/../../../../arm-none-eabi/lib/armv7e-m/fpu/libg_nano.a(lib_a-nano-svfprintf.o) (_printf_i)
/opt/homebrew/Cellar/gcc-arm-none-eabi/20160928/bin/../lib/gcc/arm-none-eabi/5.4.1/../../../../arm-none-eabi/lib/armv7e-m/fpu/libg_nano.a(lib_a-memchr.o)
                              /opt/homebrew/Cellar/gcc-arm-none-eabi/20160928/bin/../lib/gcc/arm-none-eabi/5.4.1/../../../../arm-none-eabi/lib/armv7e-m/fpu/libg_nano.a(lib_a-nano-svfprintf.o) (memchr)
/opt/homebrew/Cellar/gcc-arm-none-eabi/20160928/bin/../lib/gcc/arm-none-eabi/5.4.1/../../../../arm-none-eabi/lib/armv7e-m/fpu/libg_nano.a(lib_a-memmove.o)
[...]
Memory Configuration

Name             Origin             Length             Attributes
FLASH            0x0000000008000000 0x0000000000080000 xr
RAM              0x0000000020000000 0x0000000000020000 xrw
CCM_RAM          0x0000000010000000 0x0000000000010000 rw
*default*        0x0000000000000000 0xffffffffffffffff

Linker script and memory map

LOAD /opt/homebrew/Cellar/gcc-arm-none-eabi/20160928/bin/../lib/gcc/arm-none-eabi/5.4.1/armv7e-m/fpu/crti.o
LOAD /opt/homebrew/Cellar/gcc-arm-none-eabi/20160928/bin/../lib/gcc/arm-none-eabi/5.4.1/armv7e-m/fpu/crtbegin.o
LOAD /opt/homebrew/Cellar/gcc-arm-none-eabi/20160928/bin/../lib/gcc/arm-none-eabi/5.4.1/../../../../arm-none-eabi/lib/armv7e-m/fpu/crt0.o
LOAD /opt/homebrew/Cellar/gcc-arm-none-eabi/20160928/bin/../lib/gcc/arm-none-eabi/5.4.1/../../../../arm-none-eabi/lib/armv7e-m/fpu/libc_nano.a
LOAD /opt/homebrew/Cellar/gcc-arm-none-eabi/20160928/bin/../lib/gcc/arm-none-eabi/5.4.1/../../../../arm-none-eabi/lib/armv7e-m/fpu/libm.a
LOAD CMakeFiles/STM32F446RE_ADC.dir/main.c.obj
LOAD CMakeFiles/STM32F446RE_ADC.dir/adc_task.c.obj
LOAD CMakeFiles/STM32F446RE_ADC.dir/dac_task.c.obj
LOAD CMakeFiles/STM32F446RE_ADC.dir/report_task.c.obj
LOAD CMakeFiles/STM32F446RE_ADC.dir/hw_init.c.obj
LOAD CMakeFiles/STM32F446RE_ADC.dir/libs/stm32-ssd1306/ssd1306/ssd1306.c.obj
LOAD CMakeFiles/STM32F446RE_ADC.dir/libs/stm32-ssd1306/ssd1306/ssd1306_fonts.c.obj
LOAD CMakeFiles/STM32F446RE_ADC.dir/stm32f4xx_hal_msp.c.obj
LOAD CMakeFiles/STM32F446RE_ADC.dir/stm32f4xx_it.c.obj
LOAD CMakeFiles/STM32F446RE_ADC.dir/syscalls.c.obj
LOAD CMakeFiles/STM32F446RE_ADC.dir/system_stm32f4xx.c.obj
LOAD CMakeFiles/STM32F446RE_ADC.dir/stm32_hal_timebase_tim.c.obj
LOAD CMakeFiles/STM32F446RE_ADC.dir/libs/STM32F4xx_HAL_Driver/Src/stm32f4xx_hal.c.obj
LOAD CMakeFiles/STM32F446RE_ADC.dir/libs/STM32F4xx_HAL_Driver/Src/stm32f4xx_hal_adc.c.obj
LOAD CMakeFiles/STM32F446RE_ADC.dir/libs/STM32F4xx_HAL_Driver/Src/stm32f4xx_hal_adc_ex.c.obj
LOAD CMakeFiles/STM32F446RE_ADC.dir/libs/STM32F4xx_HAL_Driver/Src/stm32f4xx_hal_can.c.obj
LOAD CMakeFiles/STM32F446RE_ADC.dir/libs/STM32F4xx_HAL_Driver/Src/stm32f4xx_hal_cec.c.obj
LOAD CMakeFiles/STM32F446RE_ADC.dir/libs/STM32F4xx_HAL_Driver/Src/stm32f4xx_hal_cortex.c.obj
LOAD CMakeFiles/STM32F446RE_ADC.dir/libs/STM32F4xx_HAL_Driver/Src/stm32f4xx_hal_crc.c.obj
LOAD CMakeFiles/STM32F446RE_ADC.dir/libs/STM32F4xx_HAL_Driver/Src/stm32f4xx_hal_cryp.c.obj
LOAD CMakeFiles/STM32F446RE_ADC.dir/libs/STM32F4xx_HAL_Driver/Src/stm32f4xx_hal_cryp_ex.c.obj
LOAD CMakeFiles/STM32F446RE_ADC.dir/libs/STM32F4xx_HAL_Driver/Src/stm32f4xx_hal_dac.c.obj
LOAD CMakeFiles/STM32F446RE_ADC.dir/libs/STM32F4xx_HAL_Driver/Src/stm32f4xx_hal_dac_ex.c.obj
LOAD CMakeFiles/STM32F446RE_ADC.dir/libs/STM32F4xx_HAL_Driver/Src/stm32f4xx_hal_dcmi.c.obj
LOAD CMakeFiles/STM32F446RE_ADC.dir/libs/STM32F4xx_HAL_Driver/Src/stm32f4xx_hal_dcmi_ex.c.obj
LOAD CMakeFiles/STM32F446RE_ADC.dir/libs/STM32F4xx_HAL_Driver/Src/stm32f4xx_hal_dfsdm.c.obj
LOAD CMakeFiles/STM32F446RE_ADC.dir/libs/STM32F4xx_HAL_Driver/Src/stm32f4xx_hal_dma.c.obj
LOAD CMakeFiles/STM32F446RE_ADC.dir/libs/STM32F4xx_HAL_Driver/Src/stm32f4xx_hal_dma2d.c.obj
LOAD CMakeFiles/STM32F446RE_ADC.dir/libs/STM32F4xx_HAL_Driver/Src/stm32f4xx_hal_dma_ex.c.obj
LOAD CMakeFiles/STM32F446RE_ADC.dir/libs/STM32F4xx_HAL_Driver/Src/stm32f4xx_hal_dsi.c.obj
LOAD CMakeFiles/STM32F446RE_ADC.dir/libs/STM32F4xx_HAL_Driver/Src/stm32f4xx_hal_eth.c.obj
LOAD CMakeFiles/STM32F446RE_ADC.dir/libs/STM32F4xx_HAL_Driver/Src/stm32f4xx_hal_exti.c.obj
LOAD CMakeFiles/STM32F446RE_ADC.dir/libs/STM32F4xx_HAL_Driver/Src/stm32f4xx_hal_flash.c.obj
LOAD CMakeFiles/STM32F446RE_ADC.dir/libs/STM32F4xx_HAL_Driver/Src/stm32f4xx_hal_flash_ex.c.obj
LOAD CMakeFiles/STM32F446RE_ADC.dir/libs/STM32F4xx_HAL_Driver/Src/stm32f4xx_hal_flash_ramfunc.c.obj
LOAD CMakeFiles/STM32F446RE_ADC.dir/libs/STM32F4xx_HAL_Driver/Src/stm32f4xx_hal_fmpi2c.c.obj
LOAD CMakeFiles/STM32F446RE_ADC.dir/libs/STM32F4xx_HAL_Driver/Src/stm32f4xx_hal_fmpi2c_ex.c.obj
LOAD CMakeFiles/STM32F446RE_ADC.dir/libs/STM32F4xx_HAL_Driver/Src/stm32f4xx_hal_fmpsmbus.c.obj
LOAD CMakeFiles/STM32F446RE_ADC.dir/libs/STM32F4xx_HAL_Driver/Src/stm32f4xx_hal_fmpsmbus_ex.c.obj
LOAD CMakeFiles/STM32F446RE_ADC.dir/libs/STM32F4xx_HAL_Driver/Src/stm32f4xx_hal_gpio.c.obj
LOAD CMakeFiles/STM32F446RE_ADC.dir/libs/STM32F4xx_HAL_Driver/Src/stm32f4xx_hal_hash.c.obj
LOAD CMakeFiles/STM32F446RE_ADC.dir/libs/STM32F4xx_HAL_Driver/Src/stm32f4xx_hal_hash_ex.c.obj
LOAD CMakeFiles/STM32F446RE_ADC.dir/libs/STM32F4xx_HAL_Driver/Src/stm32f4xx_hal_hcd.c.obj
LOAD CMakeFiles/STM32F446RE_ADC.dir/libs/STM32F4xx_HAL_Driver/Src/stm32f4xx_hal_i2c.c.obj
LOAD CMakeFiles/STM32F446RE_ADC.dir/libs/STM32F4xx_HAL_Driver/Src/stm32f4xx_hal_i2c_ex.c.obj
LOAD CMakeFiles/STM32F446RE_ADC.dir/libs/STM32F4xx_HAL_Driver/Src/stm32f4xx_hal_i2s.c.obj
LOAD CMakeFiles/STM32F446RE_ADC.dir/libs/STM32F4xx_HAL_Driver/Src/stm32f4xx_hal_i2s_ex.c.obj
LOAD CMakeFiles/STM32F446RE_ADC.dir/libs/STM32F4xx_HAL_Driver/Src/stm32f4xx_hal_irda.c.obj
LOAD CMakeFiles/STM32F446RE_ADC.dir/libs/STM32F4xx_HAL_Driver/Src/stm32f4xx_hal_iwdg.c.obj
LOAD CMakeFiles/STM32F446RE_ADC.dir/libs/STM32F4xx_HAL_Driver/Src/stm32f4xx_hal_lptim.c.obj
LOAD CMakeFiles/STM32F446RE_ADC.dir/libs/STM32F4xx_HAL_Driver/Src/stm32f4xx_hal_ltdc.c.obj
LOAD CMakeFiles/STM32F446RE_ADC.dir/libs/STM32F4xx_HAL_Driver/Src/stm32f4xx_hal_ltdc_ex.c.obj
LOAD CMakeFiles/STM32F446RE_ADC.dir/libs/STM32F4xx_HAL_Driver/Src/stm32f4xx_hal_mmc.c.obj
LOAD CMakeFiles/STM32F446RE_ADC.dir/libs/STM32F4xx_HAL_Driver/Src/stm32f4xx_hal_nand.c.obj
LOAD CMakeFiles/STM32F446RE_ADC.dir/libs/STM32F4xx_HAL_Driver/Src/stm32f4xx_hal_nor.c.obj
LOAD CMakeFiles/STM32F446RE_ADC.dir/libs/STM32F4xx_HAL_Driver/Src/stm32f4xx_hal_pccard.c.obj
LOAD CMakeFiles/STM32F446RE_ADC.dir/libs/STM32F4xx_HAL_Driver/Src/stm32f4xx_hal_pcd.c.obj
LOAD CMakeFiles/STM32F446RE_ADC.dir/libs/STM32F4xx_HAL_Driver/Src/stm32f4xx_hal_pcd_ex.c.obj
LOAD CMakeFiles/STM32F446RE_ADC.dir/libs/STM32F4xx_HAL_Driver/Src/stm32f4xx_hal_pwr.c.obj
LOAD CMakeFiles/STM32F446RE_ADC.dir/libs/STM32F4xx_HAL_Driver/Src/stm32f4xx_hal_pwr_ex.c.obj
LOAD CMakeFiles/STM32F446RE_ADC.dir/libs/STM32F4xx_HAL_Driver/Src/stm32f4xx_hal_qspi.c.obj
LOAD CMakeFiles/STM32F446RE_ADC.dir/libs/STM32F4xx_HAL_Driver/Src/stm32f4xx_hal_rcc.c.obj
LOAD CMakeFiles/STM32F446RE_ADC.dir/libs/STM32F4xx_HAL_Driver/Src/stm32f4xx_hal_rcc_ex.c.obj
LOAD CMakeFiles/STM32F446RE_ADC.dir/libs/STM32F4xx_HAL_Driver/Src/stm32f4xx_hal_rng.c.obj
LOAD CMakeFiles/STM32F446RE_ADC.dir/libs/STM32F4xx_HAL_Driver/Src/stm32f4xx_hal_rtc.c.obj
LOAD CMakeFiles/STM32F446RE_ADC.dir/libs/STM32F4xx_HAL_Driver/Src/stm32f4xx_hal_rtc_ex.c.obj
LOAD CMakeFiles/STM32F446RE_ADC.dir/libs/STM32F4xx_HAL_Driver/Src/stm32f4xx_hal_sai.c.obj
LOAD CMakeFiles/STM32F446RE_ADC.dir/libs/STM32F4xx_HAL_Driver/Src/stm32f4xx_hal_sai_ex.c.obj
LOAD CMakeFiles/STM32F446RE_ADC.dir/libs/STM32F4xx_HAL_Driver/Src/stm32f4xx_hal_sd.c.obj
LOAD CMakeFiles/STM32F446RE_ADC.dir/libs/STM32F4xx_HAL_Driver/Src/stm32f4xx_hal_sdram.c.obj
LOAD CMakeFiles/STM32F446RE_ADC.dir/libs/STM32F4xx_HAL_Driver/Src/stm32f4xx_hal_smartcard.c.obj
LOAD CMakeFiles/STM32F446RE_ADC.dir/libs/STM32F4xx_HAL_Driver/Src/stm32f4xx_hal_smbus.c.obj
LOAD CMakeFiles/STM32F446RE_ADC.dir/libs/STM32F4xx_HAL_Driver/Src/stm32f4xx_hal_spdifrx.c.obj
LOAD CMakeFiles/STM32F446RE_ADC.dir/libs/STM32F4xx_HAL_Driver/Src/stm32f4xx_hal_spi.c.obj
LOAD CMakeFiles/STM32F446RE_ADC.dir/libs/STM32F4xx_HAL_Driver/Src/stm32f4xx_hal_sram.c.obj
LOAD CMakeFiles/STM32F446RE_ADC.dir/libs/STM32F4xx_HAL_Driver/Src/stm32f4xx_hal_tim.c.obj
LOAD CMakeFiles/STM32F446RE_ADC.dir/libs/STM32F4xx_HAL_Driver/Src/stm32f4xx_hal_tim_ex.c.obj
LOAD CMakeFiles/STM32F446RE_ADC.dir/libs/STM32F4xx_HAL_Driver/Src/stm32f4xx_hal_uart.c.obj
LOAD CMakeFiles/STM32F446RE_ADC.dir/libs/STM32F4xx_HAL_Driver/Src/stm32f4xx_hal_usart.c.obj
LOAD CMakeFiles/STM32F446RE_ADC.dir/libs/STM32F4xx_HAL_Driver/Src/stm32f4xx_hal_wwdg.c.obj
LOAD CMakeFiles/STM32F446RE_ADC.dir/libs/STM32F4xx_HAL_Driver/Src/stm32f4xx_ll_adc.c.obj
LOAD CMakeFiles/STM32F446RE_ADC.dir/libs/STM32F4xx_HAL_Driver/Src/stm32f4xx_ll_crc.c.obj
LOAD CMakeFiles/STM32F446RE_ADC.dir/libs/STM32F4xx_HAL_Driver/Src/stm32f4xx_ll_dac.c.obj
LOAD CMakeFiles/STM32F446RE_ADC.dir/libs/STM32F4xx_HAL_Driver/Src/stm32f4xx_ll_dma.c.obj
LOAD CMakeFiles/STM32F446RE_ADC.dir/libs/STM32F4xx_HAL_Driver/Src/stm32f4xx_ll_dma2d.c.obj
LOAD CMakeFiles/STM32F446RE_ADC.dir/libs/STM32F4xx_HAL_Driver/Src/stm32f4xx_ll_exti.c.obj
LOAD CMakeFiles/STM32F446RE_ADC.dir/libs/STM32F4xx_HAL_Driver/Src/stm32f4xx_ll_fmc.c.obj
LOAD CMakeFiles/STM32F446RE_ADC.dir/libs/STM32F4xx_HAL_Driver/Src/stm32f4xx_ll_fmpi2c.c.obj
LOAD CMakeFiles/STM32F446RE_ADC.dir/libs/STM32F4xx_HAL_Driver/Src/stm32f4xx_ll_fsmc.c.obj
LOAD CMakeFiles/STM32F446RE_ADC.dir/libs/STM32F4xx_HAL_Driver/Src/stm32f4xx_ll_gpio.c.obj
LOAD CMakeFiles/STM32F446RE_ADC.dir/libs/STM32F4xx_HAL_Driver/Src/stm32f4xx_ll_i2c.c.obj
LOAD CMakeFiles/STM32F446RE_ADC.dir/libs/STM32F4xx_HAL_Driver/Src/stm32f4xx_ll_lptim.c.obj
LOAD CMakeFiles/STM32F446RE_ADC.dir/libs/STM32F4xx_HAL_Driver/Src/stm32f4xx_ll_pwr.c.obj
LOAD CMakeFiles/STM32F446RE_ADC.dir/libs/STM32F4xx_HAL_Driver/Src/stm32f4xx_ll_rcc.c.obj
LOAD CMakeFiles/STM32F446RE_ADC.dir/libs/STM32F4xx_HAL_Driver/Src/stm32f4xx_ll_rng.c.obj
LOAD CMakeFiles/STM32F446RE_ADC.dir/libs/STM32F4xx_HAL_Driver/Src/stm32f4xx_ll_rtc.c.obj
LOAD CMakeFiles/STM32F446RE_ADC.dir/libs/STM32F4xx_HAL_Driver/Src/stm32f4xx_ll_sdmmc.c.obj
LOAD CMakeFiles/STM32F446RE_ADC.dir/libs/STM32F4xx_HAL_Driver/Src/stm32f4xx_ll_spi.c.obj
LOAD CMakeFiles/STM32F446RE_ADC.dir/libs/STM32F4xx_HAL_Driver/Src/stm32f4xx_ll_tim.c.obj
LOAD CMakeFiles/STM32F446RE_ADC.dir/libs/STM32F4xx_HAL_Driver/Src/stm32f4xx_ll_usart.c.obj
LOAD CMakeFiles/STM32F446RE_ADC.dir/libs/STM32F4xx_HAL_Driver/Src/stm32f4xx_ll_usb.c.obj
LOAD CMakeFiles/STM32F446RE_ADC.dir/libs/STM32F4xx_HAL_Driver/Src/stm32f4xx_ll_utils.c.obj
LOAD CMakeFiles/STM32F446RE_ADC.dir/libs/FreeRTOS/tasks.c.obj
LOAD CMakeFiles/STM32F446RE_ADC.dir/libs/FreeRTOS/queue.c.obj
LOAD CMakeFiles/STM32F446RE_ADC.dir/libs/FreeRTOS/list.c.obj
LOAD CMakeFiles/STM32F446RE_ADC.dir/libs/FreeRTOS/timers.c.obj
LOAD CMakeFiles/STM32F446RE_ADC.dir/libs/FreeRTOS/event_groups.c.obj
LOAD CMakeFiles/STM32F446RE_ADC.dir/libs/FreeRTOS/stream_buffer.c.obj
LOAD CMakeFiles/STM32F446RE_ADC.dir/libs/FreeRTOS/portable/GCC/ARM_CM4F/port.c.obj
LOAD CMakeFiles/STM32F446RE_ADC.dir/libs/FreeRTOS/portable/MemMang/heap_4.c.obj
LOAD CMakeFiles/STM32F446RE_ADC.dir/startup_stm32f446xx.s.obj
START GROUP
LOAD /opt/homebrew/Cellar/gcc-arm-none-eabi/20160928/bin/../lib/gcc/arm-none-eabi/5.4.1/armv7e-m/fpu/libgcc.a
LOAD /opt/homebrew/Cellar/gcc-arm-none-eabi/20160928/bin/../lib/gcc/arm-none-eabi/5.4.1/../../../../arm-none-eabi/lib/armv7e-m/fpu/libg_nano.a
LOAD /opt/homebrew/Cellar/gcc-arm-none-eabi/20160928/bin/../lib/gcc/arm-none-eabi/5.4.1/../../../../arm-none-eabi/lib/armv7e-m/fpu/libc_nano.a
END GROUP
START GROUP
LOAD /opt/homebrew/Cellar/gcc-arm-none-eabi/20160928/bin/../lib/gcc/arm-none-eabi/5.4.1/armv7e-m/fpu/libgcc.a
LOAD /opt/homebrew/Cellar/gcc-arm-none-eabi/20160928/bin/../lib/gcc/arm-none-eabi/5.4.1/../../../../arm-none-eabi/lib/armv7e-m/fpu/libc_nano.a
END GROUP
LOAD /opt/homebrew/Cellar/gcc-arm-none-eabi/20160928/bin/../lib/gcc/arm-none-eabi/5.4.1/armv7e-m/fpu/crtend.o
LOAD /opt/homebrew/Cellar/gcc-arm-none-eabi/20160928/bin/../lib/gcc/arm-none-eabi/5.4.1/armv7e-m/fpu/crtn.o
                0x0000000020020000                _estack = (ORIGIN (RAM) + LENGTH (RAM))
                0x0000000000000200                _Min_Heap_Size = 0x200
                0x0000000000000400                _Min_Stack_Size = 0x400

.isr_vector     0x0000000008000000      0x1c4
                0x0000000008000000                . = ALIGN (0x4)
 *(.isr_vector)
 .isr_vector    0x0000000008000000      0x1c4 CMakeFiles/STM32F446RE_ADC.dir/startup_stm32f446xx.s.obj
                0x0000000008000000                g_pfnVectors
                0x00000000080001c4                . = ALIGN (0x4)

.text           0x00000000080001d0     0xb178
                0x00000000080001d0                . = ALIGN (0x4)
 *(.text)
 .text          0x00000000080001d0       0x5c /opt/homebrew/Cellar/gcc-arm-none-eabi/20160928/bin/../lib/gcc/arm-none-eabi/5.4.1/armv7e-m/fpu/crtbegin.o
 .text          0x000000000800022c       0x30 /opt/homebrew/Cellar/gcc-arm-none-eabi/20160928/bin/../lib/gcc/arm-none-eabi/5.4.1/armv7e-m/fpu/libgcc.a(_aeabi_uldivmod.o)
                0x000000000800022c                __aeabi_uldivmod
 .text          0x000000000800025c      0x2e4 /opt/homebrew/Cellar/gcc-arm-none-eabi/20160928/bin/../lib/gcc/arm-none-eabi/5.4.1/armv7e-m/fpu/libgcc.a(_udivmoddi4.o)
                0x000000000800025c                __udivmoddi4
 .text          0x0000000008000540        0x4 /opt/homebrew/Cellar/gcc-arm-none-eabi/20160928/bin/../lib/gcc/arm-none-eabi/5.4.1/armv7e-m/fpu/libgcc.a(_dvmd_tls.o)
                0x0000000008000540                __aeabi_ldiv0
                0x0000000008000540                __aeabi_idiv0
 *fill*         0x0000000008000544        0xc 
 .text          0x0000000008000550       0xa0 /opt/homebrew/Cellar/gcc-arm-none-eabi/20160928/bin/../lib/gcc/arm-none-eabi/5.4.1/../../../../arm-none-eabi/lib/armv7e-m/fpu/libg_nano.a(lib_a-memchr.o)
                0x0000000008000550                memchr
 *(.text*)
 .text.__libc_init_array
                0x00000000080005f0       0x4c /opt/homebrew/Cellar/gcc-arm-none-eabi/20160928/bin/../lib/gcc/arm-none-eabi/5.4.1/../../../../arm-none-eabi/lib/armv7e-m/fpu/libc_nano.a(lib_a-init.o)
                0x00000000080005f0                __libc_init_array
 .text.memset   0x000000000800063c       0x10 /opt/homebrew/Cellar/gcc-arm-none-eabi/20160928/bin/../lib/gcc/arm-none-eabi/5.4.1/../../../../arm-none-eabi/lib/armv7e-m/fpu/libc_nano.a(lib_a-memset.o)
                0x000000000800063c                memset
 .text.main     0x000000000800064c      0x120 CMakeFiles/STM32F446RE_ADC.dir/main.c.obj
                0x000000000800064c                main
 .text.Error_Handler
                0x000000000800076c        0x8 CMakeFiles/STM32F446RE_ADC.dir/main.c.obj
                0x000000000800076c                Error_Handler
 .text.vADCTask
                0x0000000008000774       0x84 CMakeFiles/STM32F446RE_ADC.dir/adc_task.c.obj
                0x0000000008000774                vADCTask
 .text.HAL_ADC_ConvCpltCallback
                0x00000000080007f8       0x90 CMakeFiles/STM32F446RE_ADC.dir/adc_task.c.obj
                0x00000000080007f8                HAL_ADC_ConvCpltCallback
 .text.vDACTask
                0x0000000008000888       0x68 CMakeFiles/STM32F446RE_ADC.dir/dac_task.c.obj
                0x0000000008000888                vDACTask
 .text.vReportTask
                0x00000000080008f0      0x144 CMakeFiles/STM32F446RE_ADC.dir/report_task.c.obj
                0x00000000080008f0                vReportTask
 .text.HW_Init  0x0000000008000a34       0x20 CMakeFiles/STM32F446RE_ADC.dir/hw_init.c.obj
                0x0000000008000a34                HW_Init
 .text.SystemClock_Config
                0x0000000008000a54       0xd4 CMakeFiles/STM32F446RE_ADC.dir/hw_init.c.obj
                0x0000000008000a54                SystemClock_Config
 .text.ADC_Init
                0x0000000008000b28      0x1d4 CMakeFiles/STM32F446RE_ADC.dir/hw_init.c.obj
 .text.DMA_Init
                0x0000000008000cfc      0x12c CMakeFiles/STM32F446RE_ADC.dir/hw_init.c.obj
 .text.UART_Init
                0x0000000008000e28       0xcc CMakeFiles/STM32F446RE_ADC.dir/hw_init.c.obj
 .text.I2C_Init
                0x0000000008000ef4       0xa0 CMakeFiles/STM32F446RE_ADC.dir/hw_init.c.obj
 .text.TIMER_Init
                0x0000000008000f94       0x98 CMakeFiles/STM32F446RE_ADC.dir/hw_init.c.obj
 .text.DAC_Init
                0x000000000800102c       0xc8 CMakeFiles/STM32F446RE_ADC.dir/hw_init.c.obj
 .text.ssd1306_Reset
                0x00000000080010f4       0x10 CMakeFiles/STM32F446RE_ADC.dir/libs/stm32-ssd1306/ssd1306/ssd1306.c.obj
                0x00000000080010f4                ssd1306_Reset
 .text.ssd1306_WriteCommand
                0x0000000008001104       0x30 CMakeFiles/STM32F446RE_ADC.dir/libs/stm32-ssd1306/ssd1306/ssd1306.c.obj
                0x0000000008001104                ssd1306_WriteCommand
 .text.ssd1306_WriteData
                0x0000000008001134       0x34 CMakeFiles/STM32F446RE_ADC.dir/libs/stm32-ssd1306/ssd1306/ssd1306.c.obj
                0x0000000008001134                ssd1306_WriteData
 .text.ssd1306_Init
                0x0000000008001168       0xd4 CMakeFiles/STM32F446RE_ADC.dir/libs/stm32-ssd1306/ssd1306/ssd1306.c.obj
                0x0000000008001168                ssd1306_Init
 .text.ssd1306_Fill
                0x000000000800123c       0x30 CMakeFiles/STM32F446RE_ADC.dir/libs/stm32-ssd1306/ssd1306/ssd1306.c.obj
                0x000000000800123c                ssd1306_Fill
 .text.ssd1306_UpdateScreen
                0x000000000800126c       0x4c CMakeFiles/STM32F446RE_ADC.dir/libs/stm32-ssd1306/ssd1306/ssd1306.c.obj
                0x000000000800126c                ssd1306_UpdateScreen
 .text.ssd1306_DrawPixel
                0x00000000080012b8       0xa8 CMakeFiles/STM32F446RE_ADC.dir/libs/stm32-ssd1306/ssd1306/ssd1306.c.obj
                0x00000000080012b8                ssd1306_DrawPixel
 .text.ssd1306_WriteChar
                0x0000000008001360      0x124 CMakeFiles/STM32F446RE_ADC.dir/libs/stm32-ssd1306/ssd1306/ssd1306.c.obj
                0x0000000008001360                ssd1306_WriteChar
 .text.ssd1306_WriteString
                0x0000000008001484       0x4c CMakeFiles/STM32F446RE_ADC.dir/libs/stm32-ssd1306/ssd1306/ssd1306.c.obj
                0x0000000008001484                ssd1306_WriteString
 .text.ssd1306_SetCursor
                0x00000000080014d0       0x30 CMakeFiles/STM32F446RE_ADC.dir/libs/stm32-ssd1306/ssd1306/ssd1306.c.obj
                0x00000000080014d0                ssd1306_SetCursor
 .text.ssd1306_SetContrast
                0x0000000008001500       0x28 CMakeFiles/STM32F446RE_ADC.dir/libs/stm32-ssd1306/ssd1306/ssd1306.c.obj
                0x0000000008001500                ssd1306_SetContrast
 .text.ssd1306_SetDisplayOn
                0x0000000008001528       0x3c CMakeFiles/STM32F446RE_ADC.dir/libs/stm32-ssd1306/ssd1306/ssd1306.c.obj
                0x0000000008001528                ssd1306_SetDisplayOn
 .text.HAL_MspInit
                0x0000000008001564       0x50 CMakeFiles/STM32F446RE_ADC.dir/stm32f4xx_hal_msp.c.obj
                0x0000000008001564                HAL_MspInit
 .text.HAL_ADC_MspInit
                0x00000000080015b4      0x278 CMakeFiles/STM32F446RE_ADC.dir/stm32f4xx_hal_msp.c.obj
                0x00000000080015b4                HAL_ADC_MspInit
 .text.HAL_UART_MspInit
                0x000000000800182c       0x90 CMakeFiles/STM32F446RE_ADC.dir/stm32f4xx_hal_msp.c.obj
                0x000000000800182c                HAL_UART_MspInit
 .text.HAL_I2C_MspInit
                0x00000000080018bc       0x90 CMakeFiles/STM32F446RE_ADC.dir/stm32f4xx_hal_msp.c.obj
                0x00000000080018bc                HAL_I2C_MspInit
 .text.HAL_DAC_MspInit
                0x000000000800194c       0x88 CMakeFiles/STM32F446RE_ADC.dir/stm32f4xx_hal_msp.c.obj
                0x000000000800194c                HAL_DAC_MspInit
 .text.NMI_Handler
                0x00000000080019d4        0x8 CMakeFiles/STM32F446RE_ADC.dir/stm32f4xx_it.c.obj
                0x00000000080019d4                NMI_Handler
 .text.HardFault_Handler
                0x00000000080019dc        0x8 CMakeFiles/STM32F446RE_ADC.dir/stm32f4xx_it.c.obj
                0x00000000080019dc                HardFault_Handler
 .text.MemManage_Handler
                0x00000000080019e4        0x8 CMakeFiles/STM32F446RE_ADC.dir/stm32f4xx_it.c.obj
                0x00000000080019e4                MemManage_Handler
 .text.BusFault_Handler
                0x00000000080019ec        0x8 CMakeFiles/STM32F446RE_ADC.dir/stm32f4xx_it.c.obj
                0x00000000080019ec                BusFault_Handler
 .text.UsageFault_Handler
                0x00000000080019f4        0x8 CMakeFiles/STM32F446RE_ADC.dir/stm32f4xx_it.c.obj
                0x00000000080019f4                UsageFault_Handler
 .text.DMA2_Stream0_IRQHandler
                0x00000000080019fc       0x1c CMakeFiles/STM32F446RE_ADC.dir/stm32f4xx_it.c.obj
                0x00000000080019fc                DMA2_Stream0_IRQHandler
 .text.USART1_IRQHandler
                0x0000000008001a18       0x14 CMakeFiles/STM32F446RE_ADC.dir/stm32f4xx_it.c.obj
                0x0000000008001a18                USART1_IRQHandler
 .text.I2C1_EV_IRQHandler
                0x0000000008001a2c       0x14 CMakeFiles/STM32F446RE_ADC.dir/stm32f4xx_it.c.obj
                0x0000000008001a2c                I2C1_EV_IRQHandler
 .text.I2C1_ER_IRQHandler
                0x0000000008001a40       0x14 CMakeFiles/STM32F446RE_ADC.dir/stm32f4xx_it.c.obj
                0x0000000008001a40                I2C1_ER_IRQHandler
 .text._sbrk    0x0000000008001a54       0x58 CMakeFiles/STM32F446RE_ADC.dir/syscalls.c.obj
                0x0000000008001a54                _sbrk
 .text.SystemInit
                0x0000000008001aac       0x24 CMakeFiles/STM32F446RE_ADC.dir/system_stm32f4xx.c.obj
                0x0000000008001aac                SystemInit
 .text.HAL_InitTick
                0x0000000008001ad0       0xd8 CMakeFiles/STM32F446RE_ADC.dir/stm32_hal_timebase_tim.c.obj
                0x0000000008001ad0                HAL_InitTick
 .text.HAL_Delay
                0x0000000008001ba8       0x64 CMakeFiles/STM32F446RE_ADC.dir/stm32_hal_timebase_tim.c.obj
                0x0000000008001ba8                HAL_Delay
 .text.TIM6_DAC_IRQHandler
                0x0000000008001c0c       0x14 CMakeFiles/STM32F446RE_ADC.dir/stm32_hal_timebase_tim.c.obj
                0x0000000008001c0c                TIM6_DAC_IRQHandler
 .text.HAL_TIM_PeriodElapsedCallback
                0x0000000008001c20       0x24 CMakeFiles/STM32F446RE_ADC.dir/stm32_hal_timebase_tim.c.obj
                0x0000000008001c20                HAL_TIM_PeriodElapsedCallback
 .text.HAL_GetTick
                0x0000000008001c44       0x18 CMakeFiles/STM32F446RE_ADC.dir/stm32_hal_timebase_tim.c.obj
                0x0000000008001c44                HAL_GetTick
 .text.HAL_IncTick
                0x0000000008001c5c       0x1c CMakeFiles/STM32F446RE_ADC.dir/stm32_hal_timebase_tim.c.obj
                0x0000000008001c5c                HAL_IncTick
 .text.HAL_Init
                0x0000000008001c78       0x44 CMakeFiles/STM32F446RE_ADC.dir/libs/STM32F4xx_HAL_Driver/Src/stm32f4xx_hal.c.obj
                0x0000000008001c78                HAL_Init
 .text.HAL_ADC_Init
                0x0000000008001cbc       0x88 CMakeFiles/STM32F446RE_ADC.dir/libs/STM32F4xx_HAL_Driver/Src/stm32f4xx_hal_adc.c.obj
                0x0000000008001cbc                HAL_ADC_Init
 .text.HAL_ADC_Start_DMA
                0x0000000008001d44      0x21c CMakeFiles/STM32F446RE_ADC.dir/libs/STM32F4xx_HAL_Driver/Src/stm32f4xx_hal_adc.c.obj
                0x0000000008001d44                HAL_ADC_Start_DMA
 .text.HAL_ADC_ConvHalfCpltCallback
                0x0000000008001f60       0x14 CMakeFiles/STM32F446RE_ADC.dir/libs/STM32F4xx_HAL_Driver/Src/stm32f4xx_hal_adc.c.obj
                0x0000000008001f60                HAL_ADC_ConvHalfCpltCallback
 .text.HAL_ADC_ErrorCallback
                0x0000000008001f74       0x14 CMakeFiles/STM32F446RE_ADC.dir/libs/STM32F4xx_HAL_Driver/Src/stm32f4xx_hal_adc.c.obj
                0x0000000008001f74                HAL_ADC_ErrorCallback
 .text.HAL_ADC_ConfigChannel
                0x0000000008001f88      0x268 CMakeFiles/STM32F446RE_ADC.dir/libs/STM32F4xx_HAL_Driver/Src/stm32f4xx_hal_adc.c.obj
                0x0000000008001f88                HAL_ADC_ConfigChannel
 .text.ADC_Init
                0x00000000080021f0      0x1f8 CMakeFiles/STM32F446RE_ADC.dir/libs/STM32F4xx_HAL_Driver/Src/stm32f4xx_hal_adc.c.obj
 .text.ADC_DMAConvCplt
                0x00000000080023e8       0xbc CMakeFiles/STM32F446RE_ADC.dir/libs/STM32F4xx_HAL_Driver/Src/stm32f4xx_hal_adc.c.obj
 .text.ADC_DMAHalfConvCplt
                0x00000000080024a4       0x1c CMakeFiles/STM32F446RE_ADC.dir/libs/STM32F4xx_HAL_Driver/Src/stm32f4xx_hal_adc.c.obj
 .text.ADC_DMAError
                0x00000000080024c0       0x30 CMakeFiles/STM32F446RE_ADC.dir/libs/STM32F4xx_HAL_Driver/Src/stm32f4xx_hal_adc.c.obj
 .text.HAL_ADCEx_MultiModeConfigChannel
                0x00000000080024f0       0x8c CMakeFiles/STM32F446RE_ADC.dir/libs/STM32F4xx_HAL_Driver/Src/stm32f4xx_hal_adc_ex.c.obj
                0x00000000080024f0                HAL_ADCEx_MultiModeConfigChannel
 .text.__NVIC_SetPriorityGrouping
                0x000000000800257c       0x48 CMakeFiles/STM32F446RE_ADC.dir/libs/STM32F4xx_HAL_Driver/Src/stm32f4xx_hal_cortex.c.obj
 .text.__NVIC_GetPriorityGrouping
                0x00000000080025c4       0x1c CMakeFiles/STM32F446RE_ADC.dir/libs/STM32F4xx_HAL_Driver/Src/stm32f4xx_hal_cortex.c.obj
 .text.__NVIC_EnableIRQ
                0x00000000080025e0       0x3c CMakeFiles/STM32F446RE_ADC.dir/libs/STM32F4xx_HAL_Driver/Src/stm32f4xx_hal_cortex.c.obj
 .text.__NVIC_SetPriority
                0x000000000800261c       0x54 CMakeFiles/STM32F446RE_ADC.dir/libs/STM32F4xx_HAL_Driver/Src/stm32f4xx_hal_cortex.c.obj
 .text.NVIC_EncodePriority
                0x0000000008002670       0x64 CMakeFiles/STM32F446RE_ADC.dir/libs/STM32F4xx_HAL_Driver/Src/stm32f4xx_hal_cortex.c.obj
 .text.HAL_NVIC_SetPriorityGrouping
                0x00000000080026d4       0x18 CMakeFiles/STM32F446RE_ADC.dir/libs/STM32F4xx_HAL_Driver/Src/stm32f4xx_hal_cortex.c.obj
                0x00000000080026d4                HAL_NVIC_SetPriorityGrouping
 .text.HAL_NVIC_SetPriority
                0x00000000080026ec       0x38 CMakeFiles/STM32F446RE_ADC.dir/libs/STM32F4xx_HAL_Driver/Src/stm32f4xx_hal_cortex.c.obj
                0x00000000080026ec                HAL_NVIC_SetPriority
 .text.HAL_NVIC_EnableIRQ
                0x0000000008002724       0x1c CMakeFiles/STM32F446RE_ADC.dir/libs/STM32F4xx_HAL_Driver/Src/stm32f4xx_hal_cortex.c.obj
                0x0000000008002724                HAL_NVIC_EnableIRQ
 .text.HAL_DAC_Init
                0x0000000008002740       0x44 CMakeFiles/STM32F446RE_ADC.dir/libs/STM32F4xx_HAL_Driver/Src/stm32f4xx_hal_dac.c.obj
                0x0000000008002740                HAL_DAC_Init
 .text.HAL_DAC_Start
                0x0000000008002784       0xb0 CMakeFiles/STM32F446RE_ADC.dir/libs/STM32F4xx_HAL_Driver/Src/stm32f4xx_hal_dac.c.obj
                0x0000000008002784                HAL_DAC_Start
 .text.HAL_DAC_SetValue
                0x0000000008002834       0x54 CMakeFiles/STM32F446RE_ADC.dir/libs/STM32F4xx_HAL_Driver/Src/stm32f4xx_hal_dac.c.obj
                0x0000000008002834                HAL_DAC_SetValue
 .text.HAL_DAC_ConfigChannel
                0x0000000008002888       0xb4 CMakeFiles/STM32F446RE_ADC.dir/libs/STM32F4xx_HAL_Driver/Src/stm32f4xx_hal_dac.c.obj
                0x0000000008002888                HAL_DAC_ConfigChannel
 .text.HAL_DMA_Init
                0x000000000800293c      0x15c CMakeFiles/STM32F446RE_ADC.dir/libs/STM32F4xx_HAL_Driver/Src/stm32f4xx_hal_dma.c.obj
                0x000000000800293c                HAL_DMA_Init
 .text.HAL_DMA_Start_IT
                0x0000000008002a98       0xb0 CMakeFiles/STM32F446RE_ADC.dir/libs/STM32F4xx_HAL_Driver/Src/stm32f4xx_hal_dma.c.obj
                0x0000000008002a98                HAL_DMA_Start_IT
 .text.HAL_DMA_Abort
                0x0000000008002b48       0xe0 CMakeFiles/STM32F446RE_ADC.dir/libs/STM32F4xx_HAL_Driver/Src/stm32f4xx_hal_dma.c.obj
                0x0000000008002b48                HAL_DMA_Abort
 .text.HAL_DMA_Abort_IT
                0x0000000008002c28       0x44 CMakeFiles/STM32F446RE_ADC.dir/libs/STM32F4xx_HAL_Driver/Src/stm32f4xx_hal_dma.c.obj
                0x0000000008002c28                HAL_DMA_Abort_IT
 .text.HAL_DMA_IRQHandler
                0x0000000008002c6c      0x314 CMakeFiles/STM32F446RE_ADC.dir/libs/STM32F4xx_HAL_Driver/Src/stm32f4xx_hal_dma.c.obj
                0x0000000008002c6c                HAL_DMA_IRQHandler
 .text.HAL_DMA_GetState
                0x0000000008002f80       0x1c CMakeFiles/STM32F446RE_ADC.dir/libs/STM32F4xx_HAL_Driver/Src/stm32f4xx_hal_dma.c.obj
                0x0000000008002f80                HAL_DMA_GetState
 .text.DMA_SetConfig
                0x0000000008002f9c       0x5c CMakeFiles/STM32F446RE_ADC.dir/libs/STM32F4xx_HAL_Driver/Src/stm32f4xx_hal_dma.c.obj
 .text.DMA_CalcBaseAndBitshift
                0x0000000008002ff8       0x6c CMakeFiles/STM32F446RE_ADC.dir/libs/STM32F4xx_HAL_Driver/Src/stm32f4xx_hal_dma.c.obj
 .text.DMA_CheckFifoParam
                0x0000000008003064       0xf4 CMakeFiles/STM32F446RE_ADC.dir/libs/STM32F4xx_HAL_Driver/Src/stm32f4xx_hal_dma.c.obj
 .text.HAL_GPIO_Init
                0x0000000008003158      0x324 CMakeFiles/STM32F446RE_ADC.dir/libs/STM32F4xx_HAL_Driver/Src/stm32f4xx_hal_gpio.c.obj
                0x0000000008003158                HAL_GPIO_Init
 .text.HAL_I2C_Init
                0x000000000800347c      0x270 CMakeFiles/STM32F446RE_ADC.dir/libs/STM32F4xx_HAL_Driver/Src/stm32f4xx_hal_i2c.c.obj
                0x000000000800347c                HAL_I2C_Init
 .text.I2C_Flush_DR
                0x00000000080036ec       0x2c CMakeFiles/STM32F446RE_ADC.dir/libs/STM32F4xx_HAL_Driver/Src/stm32f4xx_hal_i2c.c.obj
 .text.HAL_I2C_Mem_Write
                0x0000000008003718      0x1f4 CMakeFiles/STM32F446RE_ADC.dir/libs/STM32F4xx_HAL_Driver/Src/stm32f4xx_hal_i2c.c.obj
                0x0000000008003718                HAL_I2C_Mem_Write
 .text.HAL_I2C_EV_IRQHandler
                0x000000000800390c      0x2a4 CMakeFiles/STM32F446RE_ADC.dir/libs/STM32F4xx_HAL_Driver/Src/stm32f4xx_hal_i2c.c.obj
                0x000000000800390c                HAL_I2C_EV_IRQHandler
 .text.HAL_I2C_ER_IRQHandler
                0x0000000008003bb0      0x140 CMakeFiles/STM32F446RE_ADC.dir/libs/STM32F4xx_HAL_Driver/Src/stm32f4xx_hal_i2c.c.obj
                0x0000000008003bb0                HAL_I2C_ER_IRQHandler
 .text.HAL_I2C_MasterTxCpltCallback
                0x0000000008003cf0       0x14 CMakeFiles/STM32F446RE_ADC.dir/libs/STM32F4xx_HAL_Driver/Src/stm32f4xx_hal_i2c.c.obj
                0x0000000008003cf0                HAL_I2C_MasterTxCpltCallback
 .text.HAL_I2C_MasterRxCpltCallback
                0x0000000008003d04       0x14 CMakeFiles/STM32F446RE_ADC.dir/libs/STM32F4xx_HAL_Driver/Src/stm32f4xx_hal_i2c.c.obj
                0x0000000008003d04                HAL_I2C_MasterRxCpltCallback
 .text.HAL_I2C_SlaveTxCpltCallback
                0x0000000008003d18       0x14 CMakeFiles/STM32F446RE_ADC.dir/libs/STM32F4xx_HAL_Driver/Src/stm32f4xx_hal_i2c.c.obj
                0x0000000008003d18                HAL_I2C_SlaveTxCpltCallback
 .text.HAL_I2C_SlaveRxCpltCallback
                0x0000000008003d2c       0x14 CMakeFiles/STM32F446RE_ADC.dir/libs/STM32F4xx_HAL_Driver/Src/stm32f4xx_hal_i2c.c.obj
                0x0000000008003d2c                HAL_I2C_SlaveRxCpltCallback
 .text.HAL_I2C_AddrCallback
                0x0000000008003d40       0x1c CMakeFiles/STM32F446RE_ADC.dir/libs/STM32F4xx_HAL_Driver/Src/stm32f4xx_hal_i2c.c.obj
                0x0000000008003d40                HAL_I2C_AddrCallback
 .text.HAL_I2C_ListenCpltCallback
                0x0000000008003d5c       0x14 CMakeFiles/STM32F446RE_ADC.dir/libs/STM32F4xx_HAL_Driver/Src/stm32f4xx_hal_i2c.c.obj
                0x0000000008003d5c                HAL_I2C_ListenCpltCallback
 .text.HAL_I2C_MemTxCpltCallback
                0x0000000008003d70       0x14 CMakeFiles/STM32F446RE_ADC.dir/libs/STM32F4xx_HAL_Driver/Src/stm32f4xx_hal_i2c.c.obj
                0x0000000008003d70                HAL_I2C_MemTxCpltCallback
 .text.HAL_I2C_MemRxCpltCallback
                0x0000000008003d84       0x14 CMakeFiles/STM32F446RE_ADC.dir/libs/STM32F4xx_HAL_Driver/Src/stm32f4xx_hal_i2c.c.obj
                0x0000000008003d84                HAL_I2C_MemRxCpltCallback
 .text.HAL_I2C_ErrorCallback
                0x0000000008003d98       0x14 CMakeFiles/STM32F446RE_ADC.dir/libs/STM32F4xx_HAL_Driver/Src/stm32f4xx_hal_i2c.c.obj
                0x0000000008003d98                HAL_I2C_ErrorCallback
 .text.HAL_I2C_AbortCpltCallback
                0x0000000008003dac       0x14 CMakeFiles/STM32F446RE_ADC.dir/libs/STM32F4xx_HAL_Driver/Src/stm32f4xx_hal_i2c.c.obj
                0x0000000008003dac                HAL_I2C_AbortCpltCallback
 .text.I2C_MasterTransmit_TXE
                0x0000000008003dc0      0x138 CMakeFiles/STM32F446RE_ADC.dir/libs/STM32F4xx_HAL_Driver/Src/stm32f4xx_hal_i2c.c.obj
 .text.I2C_MasterTransmit_BTF
                0x0000000008003ef8       0xec CMakeFiles/STM32F446RE_ADC.dir/libs/STM32F4xx_HAL_Driver/Src/stm32f4xx_hal_i2c.c.obj
 .text.I2C_MemoryTransmit_TXE_BTF
                0x0000000008003fe4      0x134 CMakeFiles/STM32F446RE_ADC.dir/libs/STM32F4xx_HAL_Driver/Src/stm32f4xx_hal_i2c.c.obj
 .text.I2C_MasterReceive_RXNE
                0x0000000008004118      0x190 CMakeFiles/STM32F446RE_ADC.dir/libs/STM32F4xx_HAL_Driver/Src/stm32f4xx_hal_i2c.c.obj
 .text.I2C_MasterReceive_BTF
                0x00000000080042a8      0x1ec CMakeFiles/STM32F446RE_ADC.dir/libs/STM32F4xx_HAL_Driver/Src/stm32f4xx_hal_i2c.c.obj
 .text.I2C_Master_SB
                0x0000000008004494      0x104 CMakeFiles/STM32F446RE_ADC.dir/libs/STM32F4xx_HAL_Driver/Src/stm32f4xx_hal_i2c.c.obj
 .text.I2C_Master_ADD10
                0x0000000008004598       0x54 CMakeFiles/STM32F446RE_ADC.dir/libs/STM32F4xx_HAL_Driver/Src/stm32f4xx_hal_i2c.c.obj
 .text.I2C_Master_ADDR
                0x00000000080045ec      0x31c CMakeFiles/STM32F446RE_ADC.dir/libs/STM32F4xx_HAL_Driver/Src/stm32f4xx_hal_i2c.c.obj
 .text.I2C_SlaveTransmit_TXE
                0x0000000008004908       0x7c CMakeFiles/STM32F446RE_ADC.dir/libs/STM32F4xx_HAL_Driver/Src/stm32f4xx_hal_i2c.c.obj
 .text.I2C_SlaveTransmit_BTF
                0x0000000008004984       0x44 CMakeFiles/STM32F446RE_ADC.dir/libs/STM32F4xx_HAL_Driver/Src/stm32f4xx_hal_i2c.c.obj
 .text.I2C_SlaveReceive_RXNE
                0x00000000080049c8       0x7c CMakeFiles/STM32F446RE_ADC.dir/libs/STM32F4xx_HAL_Driver/Src/stm32f4xx_hal_i2c.c.obj
 .text.I2C_SlaveReceive_BTF
                0x0000000008004a44       0x44 CMakeFiles/STM32F446RE_ADC.dir/libs/STM32F4xx_HAL_Driver/Src/stm32f4xx_hal_i2c.c.obj
 .text.I2C_Slave_ADDR
                0x0000000008004a88       0x90 CMakeFiles/STM32F446RE_ADC.dir/libs/STM32F4xx_HAL_Driver/Src/stm32f4xx_hal_i2c.c.obj
 .text.I2C_Slave_STOPF
                0x0000000008004b18      0x260 CMakeFiles/STM32F446RE_ADC.dir/libs/STM32F4xx_HAL_Driver/Src/stm32f4xx_hal_i2c.c.obj
 .text.I2C_Slave_AF
                0x0000000008004d78       0xe8 CMakeFiles/STM32F446RE_ADC.dir/libs/STM32F4xx_HAL_Driver/Src/stm32f4xx_hal_i2c.c.obj
 .text.I2C_ITError
                0x0000000008004e60      0x260 CMakeFiles/STM32F446RE_ADC.dir/libs/STM32F4xx_HAL_Driver/Src/stm32f4xx_hal_i2c.c.obj
 .text.I2C_RequestMemoryWrite
                0x00000000080050c0      0x128 CMakeFiles/STM32F446RE_ADC.dir/libs/STM32F4xx_HAL_Driver/Src/stm32f4xx_hal_i2c.c.obj
 .text.I2C_DMAAbort
                0x00000000080051e8      0x14c CMakeFiles/STM32F446RE_ADC.dir/libs/STM32F4xx_HAL_Driver/Src/stm32f4xx_hal_i2c.c.obj
 .text.I2C_WaitOnFlagUntilTimeout
                0x0000000008005334       0xf4 CMakeFiles/STM32F446RE_ADC.dir/libs/STM32F4xx_HAL_Driver/Src/stm32f4xx_hal_i2c.c.obj
 .text.I2C_WaitOnMasterAddressFlagUntilTimeout
                0x0000000008005428      0x140 CMakeFiles/STM32F446RE_ADC.dir/libs/STM32F4xx_HAL_Driver/Src/stm32f4xx_hal_i2c.c.obj
 .text.I2C_WaitOnTXEFlagUntilTimeout
                0x0000000008005568       0x90 CMakeFiles/STM32F446RE_ADC.dir/libs/STM32F4xx_HAL_Driver/Src/stm32f4xx_hal_i2c.c.obj
 .text.I2C_WaitOnBTFFlagUntilTimeout
                0x00000000080055f8       0x90 CMakeFiles/STM32F446RE_ADC.dir/libs/STM32F4xx_HAL_Driver/Src/stm32f4xx_hal_i2c.c.obj
 .text.I2C_WaitOnSTOPRequestThroughIT
                0x0000000008005688       0x64 CMakeFiles/STM32F446RE_ADC.dir/libs/STM32F4xx_HAL_Driver/Src/stm32f4xx_hal_i2c.c.obj
 .text.I2C_IsAcknowledgeFailed
                0x00000000080056ec       0x5c CMakeFiles/STM32F446RE_ADC.dir/libs/STM32F4xx_HAL_Driver/Src/stm32f4xx_hal_i2c.c.obj
 .text.I2C_ConvertOtherXferOptions
                0x0000000008005748       0x38 CMakeFiles/STM32F446RE_ADC.dir/libs/STM32F4xx_HAL_Driver/Src/stm32f4xx_hal_i2c.c.obj
 .text.HAL_RCC_ClockConfig
                0x0000000008005780      0x1cc CMakeFiles/STM32F446RE_ADC.dir/libs/STM32F4xx_HAL_Driver/Src/stm32f4xx_hal_rcc.c.obj
                0x0000000008005780                HAL_RCC_ClockConfig
 .text.HAL_RCC_GetHCLKFreq
                0x000000000800594c       0x18 CMakeFiles/STM32F446RE_ADC.dir/libs/STM32F4xx_HAL_Driver/Src/stm32f4xx_hal_rcc.c.obj
                0x000000000800594c                HAL_RCC_GetHCLKFreq
 .text.HAL_RCC_GetPCLK1Freq
                0x0000000008005964       0x28 CMakeFiles/STM32F446RE_ADC.dir/libs/STM32F4xx_HAL_Driver/Src/stm32f4xx_hal_rcc.c.obj
                0x0000000008005964                HAL_RCC_GetPCLK1Freq
 .text.HAL_RCC_GetPCLK2Freq
                0x000000000800598c       0x28 CMakeFiles/STM32F446RE_ADC.dir/libs/STM32F4xx_HAL_Driver/Src/stm32f4xx_hal_rcc.c.obj
                0x000000000800598c                HAL_RCC_GetPCLK2Freq
 .text.HAL_RCC_GetClockConfig
                0x00000000080059b4       0x64 CMakeFiles/STM32F446RE_ADC.dir/libs/STM32F4xx_HAL_Driver/Src/stm32f4xx_hal_rcc.c.obj
                0x00000000080059b4                HAL_RCC_GetClockConfig
 .text.HAL_RCC_GetSysClockFreq
                0x0000000008005a18      0x360 CMakeFiles/STM32F446RE_ADC.dir/libs/STM32F4xx_HAL_Driver/Src/stm32f4xx_hal_rcc_ex.c.obj
                0x0000000008005a18                HAL_RCC_GetSysClockFreq
 .text.HAL_RCC_OscConfig
                0x0000000008005d78      0x538 CMakeFiles/STM32F446RE_ADC.dir/libs/STM32F4xx_HAL_Driver/Src/stm32f4xx_hal_rcc_ex.c.obj
                0x0000000008005d78                HAL_RCC_OscConfig
 .text.HAL_TIM_Base_Init
                0x00000000080062b0       0xa0 CMakeFiles/STM32F446RE_ADC.dir/libs/STM32F4xx_HAL_Driver/Src/stm32f4xx_hal_tim.c.obj
                0x00000000080062b0                HAL_TIM_Base_Init
 .text.HAL_TIM_Base_MspInit
                0x0000000008006350       0x14 CMakeFiles/STM32F446RE_ADC.dir/libs/STM32F4xx_HAL_Driver/Src/stm32f4xx_hal_tim.c.obj
                0x0000000008006350                HAL_TIM_Base_MspInit
 .text.HAL_TIM_Base_Start
                0x0000000008006364       0xd0 CMakeFiles/STM32F446RE_ADC.dir/libs/STM32F4xx_HAL_Driver/Src/stm32f4xx_hal_tim.c.obj
                0x0000000008006364                HAL_TIM_Base_Start
 .text.HAL_TIM_Base_Start_IT
                0x0000000008006434       0xe0 CMakeFiles/STM32F446RE_ADC.dir/libs/STM32F4xx_HAL_Driver/Src/stm32f4xx_hal_tim.c.obj
                0x0000000008006434                HAL_TIM_Base_Start_IT
 .text.HAL_TIM_IRQHandler
                0x0000000008006514      0x1e0 CMakeFiles/STM32F446RE_ADC.dir/libs/STM32F4xx_HAL_Driver/Src/stm32f4xx_hal_tim.c.obj
                0x0000000008006514                HAL_TIM_IRQHandler
 .text.HAL_TIM_OC_DelayElapsedCallback
                0x00000000080066f4       0x14 CMakeFiles/STM32F446RE_ADC.dir/libs/STM32F4xx_HAL_Driver/Src/stm32f4xx_hal_tim.c.obj
                0x00000000080066f4                HAL_TIM_OC_DelayElapsedCallback
 .text.HAL_TIM_IC_CaptureCallback
                0x0000000008006708       0x14 CMakeFiles/STM32F446RE_ADC.dir/libs/STM32F4xx_HAL_Driver/Src/stm32f4xx_hal_tim.c.obj
                0x0000000008006708                HAL_TIM_IC_CaptureCallback
 .text.HAL_TIM_PWM_PulseFinishedCallback
                0x000000000800671c       0x14 CMakeFiles/STM32F446RE_ADC.dir/libs/STM32F4xx_HAL_Driver/Src/stm32f4xx_hal_tim.c.obj
                0x000000000800671c                HAL_TIM_PWM_PulseFinishedCallback
 .text.HAL_TIM_TriggerCallback
                0x0000000008006730       0x14 CMakeFiles/STM32F446RE_ADC.dir/libs/STM32F4xx_HAL_Driver/Src/stm32f4xx_hal_tim.c.obj
                0x0000000008006730                HAL_TIM_TriggerCallback
 .text.TIM_Base_SetConfig
                0x0000000008006744      0x158 CMakeFiles/STM32F446RE_ADC.dir/libs/STM32F4xx_HAL_Driver/Src/stm32f4xx_hal_tim.c.obj
                0x0000000008006744                TIM_Base_SetConfig
 .text.HAL_TIMEx_MasterConfigSynchronization
                0x000000000800689c       0xf8 CMakeFiles/STM32F446RE_ADC.dir/libs/STM32F4xx_HAL_Driver/Src/stm32f4xx_hal_tim_ex.c.obj
                0x000000000800689c                HAL_TIMEx_MasterConfigSynchronization
 .text.HAL_TIMEx_CommutCallback
                0x0000000008006994       0x14 CMakeFiles/STM32F446RE_ADC.dir/libs/STM32F4xx_HAL_Driver/Src/stm32f4xx_hal_tim_ex.c.obj
                0x0000000008006994                HAL_TIMEx_CommutCallback
 .text.HAL_TIMEx_BreakCallback
                0x00000000080069a8       0x14 CMakeFiles/STM32F446RE_ADC.dir/libs/STM32F4xx_HAL_Driver/Src/stm32f4xx_hal_tim_ex.c.obj
                0x00000000080069a8                HAL_TIMEx_BreakCallback
 .text.HAL_UART_Init
                0x00000000080069bc       0xa0 CMakeFiles/STM32F446RE_ADC.dir/libs/STM32F4xx_HAL_Driver/Src/stm32f4xx_hal_uart.c.obj
                0x00000000080069bc                HAL_UART_Init
 .text.HAL_UART_Transmit
                0x0000000008006a5c      0x114 CMakeFiles/STM32F446RE_ADC.dir/libs/STM32F4xx_HAL_Driver/Src/stm32f4xx_hal_uart.c.obj
                0x0000000008006a5c                HAL_UART_Transmit
 .text.HAL_UART_IRQHandler
                0x0000000008006b70      0x528 CMakeFiles/STM32F446RE_ADC.dir/libs/STM32F4xx_HAL_Driver/Src/stm32f4xx_hal_uart.c.obj
                0x0000000008006b70                HAL_UART_IRQHandler
 .text.HAL_UART_TxCpltCallback
                0x0000000008007098       0x14 CMakeFiles/STM32F446RE_ADC.dir/libs/STM32F4xx_HAL_Driver/Src/stm32f4xx_hal_uart.c.obj
                0x0000000008007098                HAL_UART_TxCpltCallback
 .text.HAL_UART_RxCpltCallback
                0x00000000080070ac       0x14 CMakeFiles/STM32F446RE_ADC.dir/libs/STM32F4xx_HAL_Driver/Src/stm32f4xx_hal_uart.c.obj
                0x00000000080070ac                HAL_UART_RxCpltCallback
 .text.HAL_UART_ErrorCallback
                0x00000000080070c0       0x14 CMakeFiles/STM32F446RE_ADC.dir/libs/STM32F4xx_HAL_Driver/Src/stm32f4xx_hal_uart.c.obj
                0x00000000080070c0                HAL_UART_ErrorCallback
 .text.HAL_UARTEx_RxEventCallback
                0x00000000080070d4       0x18 CMakeFiles/STM32F446RE_ADC.dir/libs/STM32F4xx_HAL_Driver/Src/stm32f4xx_hal_uart.c.obj
                0x00000000080070d4                HAL_UARTEx_RxEventCallback
 .text.UART_WaitOnFlagUntilTimeout
                0x00000000080070ec       0xb4 CMakeFiles/STM32F446RE_ADC.dir/libs/STM32F4xx_HAL_Driver/Src/stm32f4xx_hal_uart.c.obj
 .text.UART_EndRxTransfer
                0x00000000080071a0       0xc8 CMakeFiles/STM32F446RE_ADC.dir/libs/STM32F4xx_HAL_Driver/Src/stm32f4xx_hal_uart.c.obj
 .text.UART_DMAAbortOnError
                0x0000000008007268       0x28 CMakeFiles/STM32F446RE_ADC.dir/libs/STM32F4xx_HAL_Driver/Src/stm32f4xx_hal_uart.c.obj
 .text.UART_Transmit_IT
                0x0000000008007290       0xa0 CMakeFiles/STM32F446RE_ADC.dir/libs/STM32F4xx_HAL_Driver/Src/stm32f4xx_hal_uart.c.obj
 .text.UART_EndTransmit_IT
                0x0000000008007330       0x30 CMakeFiles/STM32F446RE_ADC.dir/libs/STM32F4xx_HAL_Driver/Src/stm32f4xx_hal_uart.c.obj
 .text.UART_Receive_IT
                0x0000000008007360      0x17c CMakeFiles/STM32F446RE_ADC.dir/libs/STM32F4xx_HAL_Driver/Src/stm32f4xx_hal_uart.c.obj
 .text.UART_SetConfig
                0x00000000080074dc      0x360 CMakeFiles/STM32F446RE_ADC.dir/libs/STM32F4xx_HAL_Driver/Src/stm32f4xx_hal_uart.c.obj
 .text.xTaskCreate
                0x000000000800783c       0x8c CMakeFiles/STM32F446RE_ADC.dir/libs/FreeRTOS/tasks.c.obj
                0x000000000800783c                xTaskCreate
 .text.prvInitialiseNewTask
                0x00000000080078c8      0x118 CMakeFiles/STM32F446RE_ADC.dir/libs/FreeRTOS/tasks.c.obj
 .text.prvAddNewTaskToReadyList
                0x00000000080079e0      0x12c CMakeFiles/STM32F446RE_ADC.dir/libs/FreeRTOS/tasks.c.obj
 .text.xTaskDelayUntil
                0x0000000008007b0c       0xf8 CMakeFiles/STM32F446RE_ADC.dir/libs/FreeRTOS/tasks.c.obj
                0x0000000008007b0c                xTaskDelayUntil
 .text.vTaskDelay
                0x0000000008007c04       0x68 CMakeFiles/STM32F446RE_ADC.dir/libs/FreeRTOS/tasks.c.obj
                0x0000000008007c04                vTaskDelay
 .text.vTaskStartScheduler
                0x0000000008007c6c       0xa0 CMakeFiles/STM32F446RE_ADC.dir/libs/FreeRTOS/tasks.c.obj
                0x0000000008007c6c                vTaskStartScheduler
 .text.vTaskSuspendAll
                0x0000000008007d0c       0x1c CMakeFiles/STM32F446RE_ADC.dir/libs/FreeRTOS/tasks.c.obj
                0x0000000008007d0c                vTaskSuspendAll
 .text.xTaskResumeAll
                0x0000000008007d28      0x1f4 CMakeFiles/STM32F446RE_ADC.dir/libs/FreeRTOS/tasks.c.obj
                0x0000000008007d28                xTaskResumeAll
 .text.xTaskGetTickCount
                0x0000000008007f1c       0x20 CMakeFiles/STM32F446RE_ADC.dir/libs/FreeRTOS/tasks.c.obj
                0x0000000008007f1c                xTaskGetTickCount
 .text.xTaskIncrementTick
                0x0000000008007f3c      0x22c CMakeFiles/STM32F446RE_ADC.dir/libs/FreeRTOS/tasks.c.obj
                0x0000000008007f3c                xTaskIncrementTick
 .text.vTaskSwitchContext
                0x0000000008008168       0xb4 CMakeFiles/STM32F446RE_ADC.dir/libs/FreeRTOS/tasks.c.obj
                0x0000000008008168                vTaskSwitchContext
 .text.vTaskPlaceOnEventList
                0x000000000800821c       0x48 CMakeFiles/STM32F446RE_ADC.dir/libs/FreeRTOS/tasks.c.obj
                0x000000000800821c                vTaskPlaceOnEventList
 .text.vTaskPlaceOnEventListRestricted
                0x0000000008008264       0x88 CMakeFiles/STM32F446RE_ADC.dir/libs/FreeRTOS/tasks.c.obj
                0x0000000008008264                vTaskPlaceOnEventListRestricted
 .text.xTaskRemoveFromEventList
                0x00000000080082ec      0x1ac CMakeFiles/STM32F446RE_ADC.dir/libs/FreeRTOS/tasks.c.obj
                0x00000000080082ec                xTaskRemoveFromEventList
 .text.vTaskInternalSetTimeOutState
                0x0000000008008498       0x2c CMakeFiles/STM32F446RE_ADC.dir/libs/FreeRTOS/tasks.c.obj
                0x0000000008008498                vTaskInternalSetTimeOutState
 .text.xTaskCheckForTimeOut
                0x00000000080084c4       0xc8 CMakeFiles/STM32F446RE_ADC.dir/libs/FreeRTOS/tasks.c.obj
                0x00000000080084c4                xTaskCheckForTimeOut
 .text.vTaskMissedYield
                0x000000000800858c       0x18 CMakeFiles/STM32F446RE_ADC.dir/libs/FreeRTOS/tasks.c.obj
                0x000000000800858c                vTaskMissedYield
 .text.prvIdleTask
                0x00000000080085a4       0x30 CMakeFiles/STM32F446RE_ADC.dir/libs/FreeRTOS/tasks.c.obj
 .text.prvInitialiseTaskLists
                0x00000000080085d4       0x80 CMakeFiles/STM32F446RE_ADC.dir/libs/FreeRTOS/tasks.c.obj
 .text.prvCheckTasksWaitingTermination
                0x0000000008008654       0x58 CMakeFiles/STM32F446RE_ADC.dir/libs/FreeRTOS/tasks.c.obj
 .text.prvDeleteTCB
                0x00000000080086ac       0x20 CMakeFiles/STM32F446RE_ADC.dir/libs/FreeRTOS/tasks.c.obj
 .text.prvResetNextTaskUnblockTime
                0x00000000080086cc       0x38 CMakeFiles/STM32F446RE_ADC.dir/libs/FreeRTOS/tasks.c.obj
 .text.xTaskGetSchedulerState
                0x0000000008008704       0x3c CMakeFiles/STM32F446RE_ADC.dir/libs/FreeRTOS/tasks.c.obj
                0x0000000008008704                xTaskGetSchedulerState
 .text.xTaskPriorityInherit
                0x0000000008008740      0x13c CMakeFiles/STM32F446RE_ADC.dir/libs/FreeRTOS/tasks.c.obj
                0x0000000008008740                xTaskPriorityInherit
 .text.xTaskPriorityDisinherit
                0x000000000800887c      0x144 CMakeFiles/STM32F446RE_ADC.dir/libs/FreeRTOS/tasks.c.obj
                0x000000000800887c                xTaskPriorityDisinherit
 .text.vTaskPriorityDisinheritAfterTimeout
                0x00000000080089c0      0x16c CMakeFiles/STM32F446RE_ADC.dir/libs/FreeRTOS/tasks.c.obj
                0x00000000080089c0                vTaskPriorityDisinheritAfterTimeout
 .text.pvTaskIncrementMutexHeldCount
                0x0000000008008b2c       0x28 CMakeFiles/STM32F446RE_ADC.dir/libs/FreeRTOS/tasks.c.obj
                0x0000000008008b2c                pvTaskIncrementMutexHeldCount
 .text.ulTaskGenericNotifyTake
                0x0000000008008b54       0xd4 CMakeFiles/STM32F446RE_ADC.dir/libs/FreeRTOS/tasks.c.obj
                0x0000000008008b54                ulTaskGenericNotifyTake
 .text.vTaskGenericNotifyGiveFromISR
                0x0000000008008c28      0x208 CMakeFiles/STM32F446RE_ADC.dir/libs/FreeRTOS/tasks.c.obj
                0x0000000008008c28                vTaskGenericNotifyGiveFromISR
 .text.prvAddCurrentTaskToDelayedList
                0x0000000008008e30      0x100 CMakeFiles/STM32F446RE_ADC.dir/libs/FreeRTOS/tasks.c.obj
 .text.xQueueGenericReset
                0x0000000008008f30      0x114 CMakeFiles/STM32F446RE_ADC.dir/libs/FreeRTOS/queue.c.obj
                0x0000000008008f30                xQueueGenericReset
 .text.xQueueGenericCreate
                0x0000000008009044       0x94 CMakeFiles/STM32F446RE_ADC.dir/libs/FreeRTOS/queue.c.obj
                0x0000000008009044                xQueueGenericCreate
 .text.prvInitialiseNewQueue
                0x00000000080090d8       0x48 CMakeFiles/STM32F446RE_ADC.dir/libs/FreeRTOS/queue.c.obj
 .text.prvInitialiseMutex
                0x0000000008009120       0x34 CMakeFiles/STM32F446RE_ADC.dir/libs/FreeRTOS/queue.c.obj
 .text.xQueueCreateMutex
                0x0000000008009154       0x30 CMakeFiles/STM32F446RE_ADC.dir/libs/FreeRTOS/queue.c.obj
                0x0000000008009154                xQueueCreateMutex
 .text.xQueueGenericSend
                0x0000000008009184      0x1f4 CMakeFiles/STM32F446RE_ADC.dir/libs/FreeRTOS/queue.c.obj
                0x0000000008009184                xQueueGenericSend
 .text.xQueueReceive
                0x0000000008009378      0x1b8 CMakeFiles/STM32F446RE_ADC.dir/libs/FreeRTOS/queue.c.obj
                0x0000000008009378                xQueueReceive
 .text.xQueueSemaphoreTake
                0x0000000008009530      0x1f4 CMakeFiles/STM32F446RE_ADC.dir/libs/FreeRTOS/queue.c.obj
                0x0000000008009530                xQueueSemaphoreTake
 .text.xQueuePeek
                0x0000000008009724      0x1bc CMakeFiles/STM32F446RE_ADC.dir/libs/FreeRTOS/queue.c.obj
                0x0000000008009724                xQueuePeek
 .text.prvGetDisinheritPriorityAfterTimeout
                0x00000000080098e0       0x30 CMakeFiles/STM32F446RE_ADC.dir/libs/FreeRTOS/queue.c.obj
 .text.prvCopyDataToQueue
                0x0000000008009910       0xd4 CMakeFiles/STM32F446RE_ADC.dir/libs/FreeRTOS/queue.c.obj
 .text.prvCopyDataFromQueue
                0x00000000080099e4       0x4c CMakeFiles/STM32F446RE_ADC.dir/libs/FreeRTOS/queue.c.obj
 .text.prvUnlockQueue
                0x0000000008009a30       0xa4 CMakeFiles/STM32F446RE_ADC.dir/libs/FreeRTOS/queue.c.obj
 .text.prvIsQueueEmpty
                0x0000000008009ad4       0x2c CMakeFiles/STM32F446RE_ADC.dir/libs/FreeRTOS/queue.c.obj
 .text.prvIsQueueFull
                0x0000000008009b00       0x30 CMakeFiles/STM32F446RE_ADC.dir/libs/FreeRTOS/queue.c.obj
 .text.vQueueAddToRegistry
                0x0000000008009b30       0x9c CMakeFiles/STM32F446RE_ADC.dir/libs/FreeRTOS/queue.c.obj
                0x0000000008009b30                vQueueAddToRegistry
 .text.vQueueWaitForMessageRestricted
                0x0000000008009bcc       0x68 CMakeFiles/STM32F446RE_ADC.dir/libs/FreeRTOS/queue.c.obj
                0x0000000008009bcc                vQueueWaitForMessageRestricted
 .text.vListInitialise
                0x0000000008009c34       0x40 CMakeFiles/STM32F446RE_ADC.dir/libs/FreeRTOS/list.c.obj
                0x0000000008009c34                vListInitialise
 .text.vListInitialiseItem
                0x0000000008009c74       0x1c CMakeFiles/STM32F446RE_ADC.dir/libs/FreeRTOS/list.c.obj
                0x0000000008009c74                vListInitialiseItem
 .text.vListInsert
                0x0000000008009c90       0x74 CMakeFiles/STM32F446RE_ADC.dir/libs/FreeRTOS/list.c.obj
                0x0000000008009c90                vListInsert
 .text.uxListRemove
                0x0000000008009d04       0x54 CMakeFiles/STM32F446RE_ADC.dir/libs/FreeRTOS/list.c.obj
                0x0000000008009d04                uxListRemove
 .text.xTimerCreateTimerTask
                0x0000000008009d58       0x64 CMakeFiles/STM32F446RE_ADC.dir/libs/FreeRTOS/timers.c.obj
                0x0000000008009d58                xTimerCreateTimerTask
 .text.prvReloadTimer
                0x0000000008009dbc       0x40 CMakeFiles/STM32F446RE_ADC.dir/libs/FreeRTOS/timers.c.obj
 .text.prvProcessExpiredTimer
                0x0000000008009dfc       0x60 CMakeFiles/STM32F446RE_ADC.dir/libs/FreeRTOS/timers.c.obj
 .text.prvTimerTask
                0x0000000008009e5c       0x24 CMakeFiles/STM32F446RE_ADC.dir/libs/FreeRTOS/timers.c.obj
 .text.prvProcessTimerOrBlockTask
                0x0000000008009e80       0x9c CMakeFiles/STM32F446RE_ADC.dir/libs/FreeRTOS/timers.c.obj
 .text.prvGetNextExpireTime
                0x0000000008009f1c       0x48 CMakeFiles/STM32F446RE_ADC.dir/libs/FreeRTOS/timers.c.obj
 .text.prvSampleTimeNow
                0x0000000008009f64       0x40 CMakeFiles/STM32F446RE_ADC.dir/libs/FreeRTOS/timers.c.obj
 .text.prvInsertTimerInActiveList
                0x0000000008009fa4       0x84 CMakeFiles/STM32F446RE_ADC.dir/libs/FreeRTOS/timers.c.obj
 .text.prvProcessReceivedCommands
                0x000000000800a028      0x178 CMakeFiles/STM32F446RE_ADC.dir/libs/FreeRTOS/timers.c.obj
 .text.prvSwitchTimerLists
                0x000000000800a1a0       0x4c CMakeFiles/STM32F446RE_ADC.dir/libs/FreeRTOS/timers.c.obj
 .text.prvCheckForValidListAndQueue
                0x000000000800a1ec       0x6c CMakeFiles/STM32F446RE_ADC.dir/libs/FreeRTOS/timers.c.obj
 .text.pxPortInitialiseStack
                0x000000000800a258       0x68 CMakeFiles/STM32F446RE_ADC.dir/libs/FreeRTOS/portable/GCC/ARM_CM4F/port.c.obj
                0x000000000800a258                pxPortInitialiseStack
 .text.prvTaskExitError
                0x000000000800a2c0       0x54 CMakeFiles/STM32F446RE_ADC.dir/libs/FreeRTOS/portable/GCC/ARM_CM4F/port.c.obj
 *fill*         0x000000000800a314        0xc 
 .text.SVC_Handler
                0x000000000800a320       0x28 CMakeFiles/STM32F446RE_ADC.dir/libs/FreeRTOS/portable/GCC/ARM_CM4F/port.c.obj
                0x000000000800a320                SVC_Handler
 .text.prvPortStartFirstTask
                0x000000000800a348       0x2c CMakeFiles/STM32F446RE_ADC.dir/libs/FreeRTOS/portable/GCC/ARM_CM4F/port.c.obj
 .text.xPortStartScheduler
                0x000000000800a374      0x13c CMakeFiles/STM32F446RE_ADC.dir/libs/FreeRTOS/portable/GCC/ARM_CM4F/port.c.obj
                0x000000000800a374                xPortStartScheduler
 .text.vPortEnterCritical
                0x000000000800a4b0       0x5c CMakeFiles/STM32F446RE_ADC.dir/libs/FreeRTOS/portable/GCC/ARM_CM4F/port.c.obj
                0x000000000800a4b0                vPortEnterCritical
 .text.vPortExitCritical
                0x000000000800a50c       0x50 CMakeFiles/STM32F446RE_ADC.dir/libs/FreeRTOS/portable/GCC/ARM_CM4F/port.c.obj
                0x000000000800a50c                vPortExitCritical
 *fill*         0x000000000800a55c        0x4 
 .text.PendSV_Handler
                0x000000000800a560       0x68 CMakeFiles/STM32F446RE_ADC.dir/libs/FreeRTOS/portable/GCC/ARM_CM4F/port.c.obj
                0x000000000800a560                PendSV_Handler
 .text.SysTick_Handler
                0x000000000800a5c8       0x40 CMakeFiles/STM32F446RE_ADC.dir/libs/FreeRTOS/portable/GCC/ARM_CM4F/port.c.obj
                0x000000000800a5c8                SysTick_Handler
 .text.vPortSetupTimerInterrupt
                0x000000000800a608       0x48 CMakeFiles/STM32F446RE_ADC.dir/libs/FreeRTOS/portable/GCC/ARM_CM4F/port.c.obj
                0x000000000800a608                vPortSetupTimerInterrupt
 .text.vPortEnableVFP
                0x000000000800a650       0x18 CMakeFiles/STM32F446RE_ADC.dir/libs/FreeRTOS/portable/GCC/ARM_CM4F/port.c.obj
 .text.vPortValidateInterruptPriority
                0x000000000800a668       0x7c CMakeFiles/STM32F446RE_ADC.dir/libs/FreeRTOS/portable/GCC/ARM_CM4F/port.c.obj
                0x000000000800a668                vPortValidateInterruptPriority
 .text.pvPortMalloc
                0x000000000800a6e4      0x170 CMakeFiles/STM32F446RE_ADC.dir/libs/FreeRTOS/portable/MemMang/heap_4.c.obj
                0x000000000800a6e4                pvPortMalloc
 .text.vPortFree
                0x000000000800a854       0xac CMakeFiles/STM32F446RE_ADC.dir/libs/FreeRTOS/portable/MemMang/heap_4.c.obj
                0x000000000800a854                vPortFree
 .text.prvHeapInit
                0x000000000800a900       0xb8 CMakeFiles/STM32F446RE_ADC.dir/libs/FreeRTOS/portable/MemMang/heap_4.c.obj
 .text.prvInsertBlockIntoFreeList
                0x000000000800a9b8       0xb4 CMakeFiles/STM32F446RE_ADC.dir/libs/FreeRTOS/portable/MemMang/heap_4.c.obj
 .text.Reset_Handler
                0x000000000800aa6c       0x50 CMakeFiles/STM32F446RE_ADC.dir/startup_stm32f446xx.s.obj
                0x000000000800aa6c                Reset_Handler
 .text.Default_Handler
                0x000000000800aabc        0x2 CMakeFiles/STM32F446RE_ADC.dir/startup_stm32f446xx.s.obj
                0x000000000800aabc                DMA1_Stream3_IRQHandler
                0x000000000800aabc                EXTI2_IRQHandler
                0x000000000800aabc                TIM8_CC_IRQHandler
                0x000000000800aabc                DebugMon_Handler
                0x000000000800aabc                FMPI2C1_EV_IRQHandler
                0x000000000800aabc                SPI4_IRQHandler
                0x000000000800aabc                TIM1_CC_IRQHandler
                0x000000000800aabc                DMA2_Stream5_IRQHandler
                0x000000000800aabc                DMA1_Stream5_IRQHandler
                0x000000000800aabc                PVD_IRQHandler
                0x000000000800aabc                SDIO_IRQHandler
                0x000000000800aabc                TAMP_STAMP_IRQHandler
                0x000000000800aabc                CAN2_RX1_IRQHandler
                0x000000000800aabc                EXTI3_IRQHandler
                0x000000000800aabc                TIM8_TRG_COM_TIM14_IRQHandler
                0x000000000800aabc                TIM1_UP_TIM10_IRQHandler
                0x000000000800aabc                TIM8_UP_TIM13_IRQHandler
                0x000000000800aabc                I2C3_ER_IRQHandler
                0x000000000800aabc                EXTI0_IRQHandler
                0x000000000800aabc                I2C2_EV_IRQHandler
                0x000000000800aabc                DMA1_Stream2_IRQHandler
                0x000000000800aabc                CAN1_RX0_IRQHandler
                0x000000000800aabc                FPU_IRQHandler
                0x000000000800aabc                OTG_HS_WKUP_IRQHandler
                0x000000000800aabc                CAN2_SCE_IRQHandler
                0x000000000800aabc                DMA2_Stream2_IRQHandler
                0x000000000800aabc                SPI1_IRQHandler
                0x000000000800aabc                TIM1_BRK_TIM9_IRQHandler
                0x000000000800aabc                DCMI_IRQHandler
                0x000000000800aabc                CAN2_RX0_IRQHandler
                0x000000000800aabc                DMA2_Stream3_IRQHandler
                0x000000000800aabc                SAI2_IRQHandler
                0x000000000800aabc                USART6_IRQHandler
                0x000000000800aabc                USART3_IRQHandler
                0x000000000800aabc                CAN1_RX1_IRQHandler
                0x000000000800aabc                UART5_IRQHandler
                0x000000000800aabc                TIM4_IRQHandler
                0x000000000800aabc                QUADSPI_IRQHandler
                0x000000000800aabc                DMA1_Stream6_IRQHandler
                0x000000000800aabc                DMA1_Stream1_IRQHandler
                0x000000000800aabc                UART4_IRQHandler
                0x000000000800aabc                TIM3_IRQHandler
                0x000000000800aabc                RCC_IRQHandler
                0x000000000800aabc                TIM8_BRK_TIM12_IRQHandler
                0x000000000800aabc                Default_Handler
                0x000000000800aabc                CEC_IRQHandler
                0x000000000800aabc                EXTI15_10_IRQHandler
                0x000000000800aabc                ADC_IRQHandler
                0x000000000800aabc                DMA1_Stream7_IRQHandler
                0x000000000800aabc                TIM7_IRQHandler
                0x000000000800aabc                CAN2_TX_IRQHandler
                0x000000000800aabc                TIM5_IRQHandler
                0x000000000800aabc                DMA2_Stream7_IRQHandler
                0x000000000800aabc                I2C3_EV_IRQHandler
                0x000000000800aabc                EXTI9_5_IRQHandler
                0x000000000800aabc                RTC_WKUP_IRQHandler
                0x000000000800aabc                SPDIF_RX_IRQHandler
                0x000000000800aabc                SPI2_IRQHandler
                0x000000000800aabc                OTG_HS_EP1_IN_IRQHandler
                0x000000000800aabc                DMA1_Stream0_IRQHandler
                0x000000000800aabc                CAN1_TX_IRQHandler
                0x000000000800aabc                FMPI2C1_ER_IRQHandler
                0x000000000800aabc                EXTI4_IRQHandler
                0x000000000800aabc                OTG_HS_EP1_OUT_IRQHandler
                0x000000000800aabc                WWDG_IRQHandler
                0x000000000800aabc                TIM2_IRQHandler
                0x000000000800aabc                OTG_FS_WKUP_IRQHandler
                0x000000000800aabc                TIM1_TRG_COM_TIM11_IRQHandler
                0x000000000800aabc                OTG_HS_IRQHandler
                0x000000000800aabc                EXTI1_IRQHandler
                0x000000000800aabc                USART2_IRQHandler
                0x000000000800aabc                I2C2_ER_IRQHandler
                0x000000000800aabc                DMA2_Stream1_IRQHandler
                0x000000000800aabc                CAN1_SCE_IRQHandler
                0x000000000800aabc                FLASH_IRQHandler
                0x000000000800aabc                DMA2_Stream4_IRQHandler
                0x000000000800aabc                OTG_FS_IRQHandler
                0x000000000800aabc                SPI3_IRQHandler
                0x000000000800aabc                DMA1_Stream4_IRQHandler
                0x000000000800aabc                FMC_IRQHandler
                0x000000000800aabc                DMA2_Stream6_IRQHandler
                0x000000000800aabc                SAI1_IRQHandler
                0x000000000800aabc                RTC_Alarm_IRQHandler
 *fill*         0x000000000800aabe        0x2 
 .text.__errno  0x000000000800aac0        0xc /opt/homebrew/Cellar/gcc-arm-none-eabi/20160928/bin/../lib/gcc/arm-none-eabi/5.4.1/../../../../arm-none-eabi/lib/armv7e-m/fpu/libg_nano.a(lib_a-errno.o)
                0x000000000800aac0                __errno
 .text.memcpy   0x000000000800aacc       0x16 /opt/homebrew/Cellar/gcc-arm-none-eabi/20160928/bin/../lib/gcc/arm-none-eabi/5.4.1/../../../../arm-none-eabi/lib/armv7e-m/fpu/libg_nano.a(lib_a-memcpy-stub.o)
                0x000000000800aacc                memcpy
 *fill*         0x000000000800aae2        0x2 
 .text.snprintf
                0x000000000800aae4       0x64 /opt/homebrew/Cellar/gcc-arm-none-eabi/20160928/bin/../lib/gcc/arm-none-eabi/5.4.1/../../../../arm-none-eabi/lib/armv7e-m/fpu/libg_nano.a(lib_a-snprintf.o)
                0x000000000800aae4                snprintf
                0x000000000800aae4                sniprintf
 .text.__ssputs_r
                0x000000000800ab48       0xb2 /opt/homebrew/Cellar/gcc-arm-none-eabi/20160928/bin/../lib/gcc/arm-none-eabi/5.4.1/../../../../arm-none-eabi/lib/armv7e-m/fpu/libg_nano.a(lib_a-nano-svfprintf.o)
                0x000000000800ab48                __ssputs_r
 *fill*         0x000000000800abfa        0x2 
 .text._svfprintf_r
                0x000000000800abfc      0x1e8 /opt/homebrew/Cellar/gcc-arm-none-eabi/20160928/bin/../lib/gcc/arm-none-eabi/5.4.1/../../../../arm-none-eabi/lib/armv7e-m/fpu/libg_nano.a(lib_a-nano-svfprintf.o)
                0x000000000800abfc                _svfprintf_r
                0x000000000800abfc                _svfiprintf_r
 .text._printf_common
                0x000000000800ade4       0xec /opt/homebrew/Cellar/gcc-arm-none-eabi/20160928/bin/../lib/gcc/arm-none-eabi/5.4.1/../../../../arm-none-eabi/lib/armv7e-m/fpu/libg_nano.a(lib_a-nano-vfprintf_i.o)
                0x000000000800ade4                _printf_common
 .text._printf_i
                0x000000000800aed0      0x24c /opt/homebrew/Cellar/gcc-arm-none-eabi/20160928/bin/../lib/gcc/arm-none-eabi/5.4.1/../../../../arm-none-eabi/lib/armv7e-m/fpu/libg_nano.a(lib_a-nano-vfprintf_i.o)
                0x000000000800aed0                _printf_i
 .text.memmove  0x000000000800b11c       0x36 /opt/homebrew/Cellar/gcc-arm-none-eabi/20160928/bin/../lib/gcc/arm-none-eabi/5.4.1/../../../../arm-none-eabi/lib/armv7e-m/fpu/libg_nano.a(lib_a-memmove.o)
                0x000000000800b11c                memmove
 *fill*         0x000000000800b152        0x2 
 .text._free_r  0x000000000800b154       0x9c /opt/homebrew/Cellar/gcc-arm-none-eabi/20160928/bin/../lib/gcc/arm-none-eabi/5.4.1/../../../../arm-none-eabi/lib/armv7e-m/fpu/libg_nano.a(lib_a-nano-freer.o)
                0x000000000800b154                _free_r
 .text._malloc_r
                0x000000000800b1f0       0xbc /opt/homebrew/Cellar/gcc-arm-none-eabi/20160928/bin/../lib/gcc/arm-none-eabi/5.4.1/../../../../arm-none-eabi/lib/armv7e-m/fpu/libg_nano.a(lib_a-nano-mallocr.o)
                0x000000000800b1f0                _malloc_r
 .text._realloc_r
                0x000000000800b2ac       0x4c /opt/homebrew/Cellar/gcc-arm-none-eabi/20160928/bin/../lib/gcc/arm-none-eabi/5.4.1/../../../../arm-none-eabi/lib/armv7e-m/fpu/libg_nano.a(lib_a-nano-reallocr.o)
                0x000000000800b2ac                _realloc_r
 .text._sbrk_r  0x000000000800b2f8       0x20 /opt/homebrew/Cellar/gcc-arm-none-eabi/20160928/bin/../lib/gcc/arm-none-eabi/5.4.1/../../../../arm-none-eabi/lib/armv7e-m/fpu/libg_nano.a(lib_a-sbrkr.o)
                0x000000000800b2f8                _sbrk_r
 .text.__malloc_lock
                0x000000000800b318        0x2 /opt/homebrew/Cellar/gcc-arm-none-eabi/20160928/bin/../lib/gcc/arm-none-eabi/5.4.1/../../../../arm-none-eabi/lib/armv7e-m/fpu/libg_nano.a(lib_a-mlock.o)
                0x000000000800b318                __malloc_lock
 .text.__malloc_unlock
                0x000000000800b31a        0x2 /opt/homebrew/Cellar/gcc-arm-none-eabi/20160928/bin/../lib/gcc/arm-none-eabi/5.4.1/../../../../arm-none-eabi/lib/armv7e-m/fpu/libg_nano.a(lib_a-mlock.o)
                0x000000000800b31a                __malloc_unlock
 .text._malloc_usable_size_r
                0x000000000800b31c       0x14 /opt/homebrew/Cellar/gcc-arm-none-eabi/20160928/bin/../lib/gcc/arm-none-eabi/5.4.1/../../../../arm-none-eabi/lib/armv7e-m/fpu/libg_nano.a(lib_a-nano-msizer.o)
                0x000000000800b31c                _malloc_usable_size_r
 *(.glue_7)
 .glue_7        0x000000000800b330        0x0 linker stubs
 *(.glue_7t)
 .glue_7t       0x000000000800b330        0x0 linker stubs
 *(.eh_frame)
 .eh_frame      0x000000000800b330        0x0 /opt/homebrew/Cellar/gcc-arm-none-eabi/20160928/bin/../lib/gcc/arm-none-eabi/5.4.1/armv7e-m/fpu/crtbegin.o
 *(.init)
 .init          0x000000000800b330        0x4 /opt/homebrew/Cellar/gcc-arm-none-eabi/20160928/bin/../lib/gcc/arm-none-eabi/5.4.1/armv7e-m/fpu/crti.o
                0x000000000800b330                _init
 .init          0x000000000800b334        0x8 /opt/homebrew/Cellar/gcc-arm-none-eabi/20160928/bin/../lib/gcc/arm-none-eabi/5.4.1/armv7e-m/fpu/crtn.o
 *(.fini)
 .fini          0x000000000800b33c        0x4 /opt/homebrew/Cellar/gcc-arm-none-eabi/20160928/bin/../lib/gcc/arm-none-eabi/5.4.1/armv7e-m/fpu/crti.o
                0x000000000800b33c                _fini
 .fini          0x000000000800b340        0x8 /opt/homebrew/Cellar/gcc-arm-none-eabi/20160928/bin/../lib/gcc/arm-none-eabi/5.4.1/armv7e-m/fpu/crtn.o
                0x000000000800b348                . = ALIGN (0x4)
                0x000000000800b348                _etext = .

.vfp11_veneer   0x000000000800b348        0x0
 .vfp11_veneer  0x000000000800b348        0x0 linker stubs

.v4_bx          0x000000000800b348        0x0
 .v4_bx         0x000000000800b348        0x0 linker stubs

.iplt           0x000000000800b348        0x0
 .iplt          0x000000000800b348        0x0 /opt/homebrew/Cellar/gcc-arm-none-eabi/20160928/bin/../lib/gcc/arm-none-eabi/5.4.1/armv7e-m/fpu/crtbegin.o

.rodata         0x000000000800b348      0x890
                0x000000000800b348                . = ALIGN (0x4)
 *(.rodata)
 .rodata        0x000000000800b348       0x3c CMakeFiles/STM32F446RE_ADC.dir/main.c.obj
 .rodata        0x000000000800b384       0x5e CMakeFiles/STM32F446RE_ADC.dir/report_task.c.obj
 *fill*         0x000000000800b3e2        0x2 
 .rodata        0x000000000800b3e4       0x17 CMakeFiles/STM32F446RE_ADC.dir/libs/FreeRTOS/tasks.c.obj
 *fill*         0x000000000800b3fb        0x1 
 .rodata        0x000000000800b3fc        0xd CMakeFiles/STM32F446RE_ADC.dir/libs/FreeRTOS/timers.c.obj
 *(.rodata*)
 *fill*         0x000000000800b409        0x3 
 .rodata.Font7x10
                0x000000000800b40c      0x76c CMakeFiles/STM32F446RE_ADC.dir/libs/stm32-ssd1306/ssd1306/ssd1306_fonts.c.obj
 .rodata.Font_7x10
                0x000000000800bb78        0xc CMakeFiles/STM32F446RE_ADC.dir/libs/stm32-ssd1306/ssd1306/ssd1306_fonts.c.obj
                0x000000000800bb78                Font_7x10
 .rodata.AHBPrescTable
                0x000000000800bb84       0x10 CMakeFiles/STM32F446RE_ADC.dir/system_stm32f4xx.c.obj
                0x000000000800bb84                AHBPrescTable
 .rodata.APBPrescTable
                0x000000000800bb94        0x8 CMakeFiles/STM32F446RE_ADC.dir/system_stm32f4xx.c.obj
                0x000000000800bb94                APBPrescTable
 .rodata.flagBitshiftOffset.7953
                0x000000000800bb9c        0x8 CMakeFiles/STM32F446RE_ADC.dir/libs/STM32F4xx_HAL_Driver/Src/stm32f4xx_hal_dma.c.obj
 .rodata.str1.1
                0x000000000800bba4       0x11 /opt/homebrew/Cellar/gcc-arm-none-eabi/20160928/bin/../lib/gcc/arm-none-eabi/5.4.1/../../../../arm-none-eabi/lib/armv7e-m/fpu/libg_nano.a(lib_a-nano-svfprintf.o)
 .rodata.str1.1
                0x000000000800bbb5       0x22 /opt/homebrew/Cellar/gcc-arm-none-eabi/20160928/bin/../lib/gcc/arm-none-eabi/5.4.1/../../../../arm-none-eabi/lib/armv7e-m/fpu/libg_nano.a(lib_a-nano-vfprintf_i.o)
                0x000000000800bbd8                . = ALIGN (0x4)
 *fill*         0x000000000800bbd7        0x1 

.ARM.extab
 *(.ARM.extab* .gnu.linkonce.armextab.*)

.ARM            0x000000000800bbd8        0x8
                0x000000000800bbd8                __exidx_start = .
 *(.ARM.exidx*)
 .ARM.exidx     0x000000000800bbd8        0x8 /opt/homebrew/Cellar/gcc-arm-none-eabi/20160928/bin/../lib/gcc/arm-none-eabi/5.4.1/armv7e-m/fpu/libgcc.a(_udivmoddi4.o)
                0x000000000800bbe0                __exidx_end = .

.rel.dyn        0x000000000800bbe0        0x0
 .rel.iplt      0x000000000800bbe0        0x0 /opt/homebrew/Cellar/gcc-arm-none-eabi/20160928/bin/../lib/gcc/arm-none-eabi/5.4.1/armv7e-m/fpu/crtbegin.o

.preinit_array  0x000000000800bbe0        0x0
                0x000000000800bbe0                PROVIDE (__preinit_array_start, .)
 *(.preinit_array*)
                0x000000000800bbe0                PROVIDE (__preinit_array_end, .)

.init_array     0x000000000800bbe0        0x4
                0x000000000800bbe0                PROVIDE (__init_array_start, .)
 *(SORT(.init_array.*))
 *(.init_array*)
 .init_array    0x000000000800bbe0        0x4 /opt/homebrew/Cellar/gcc-arm-none-eabi/20160928/bin/../lib/gcc/arm-none-eabi/5.4.1/armv7e-m/fpu/crtbegin.o
                0x000000000800bbe4                PROVIDE (__init_array_end, .)

.fini_array     0x000000000800bbe4        0x4
                [!provide]                        PROVIDE (__fini_array_start, .)
 *(SORT(.fini_array.*))
 *(.fini_array*)
 .fini_array    0x000000000800bbe4        0x4 /opt/homebrew/Cellar/gcc-arm-none-eabi/20160928/bin/../lib/gcc/arm-none-eabi/5.4.1/armv7e-m/fpu/crtbegin.o
                [!provide]                        PROVIDE (__fini_array_end, .)
                0x000000000800bbe8                _sidata = LOADADDR (.data)

.data           0x0000000020000000       0x74 load address 0x000000000800bbe8
                0x0000000020000000                . = ALIGN (0x4)
                0x0000000020000000                _sdata = .
 *(.data)
 *(.data*)
 .data.impure_data
                0x0000000020000000       0x60 /opt/homebrew/Cellar/gcc-arm-none-eabi/20160928/bin/../lib/gcc/arm-none-eabi/5.4.1/../../../../arm-none-eabi/lib/armv7e-m/fpu/libc_nano.a(lib_a-impure.o)
 .data._impure_ptr
                0x0000000020000060        0x4 /opt/homebrew/Cellar/gcc-arm-none-eabi/20160928/bin/../lib/gcc/arm-none-eabi/5.4.1/../../../../arm-none-eabi/lib/armv7e-m/fpu/libc_nano.a(lib_a-impure.o)
                0x0000000020000060                _impure_ptr
 .data.SystemCoreClock
                0x0000000020000064        0x4 CMakeFiles/STM32F446RE_ADC.dir/system_stm32f4xx.c.obj
                0x0000000020000064                SystemCoreClock
 .data.uwTickPrio
                0x0000000020000068        0x4 CMakeFiles/STM32F446RE_ADC.dir/libs/STM32F4xx_HAL_Driver/Src/stm32f4xx_hal.c.obj
                0x0000000020000068                uwTickPrio
 .data.uxTopUsedPriority
                0x000000002000006c        0x4 CMakeFiles/STM32F446RE_ADC.dir/libs/FreeRTOS/tasks.c.obj
                0x000000002000006c                uxTopUsedPriority
 .data.uxCriticalNesting
                0x0000000020000070        0x4 CMakeFiles/STM32F446RE_ADC.dir/libs/FreeRTOS/portable/GCC/ARM_CM4F/port.c.obj
                0x0000000020000074                . = ALIGN (0x4)
                0x0000000020000074                _edata = .

.jcr            0x0000000020000074        0x0 load address 0x000000000800bc5c
 .jcr           0x0000000020000074        0x0 /opt/homebrew/Cellar/gcc-arm-none-eabi/20160928/bin/../lib/gcc/arm-none-eabi/5.4.1/armv7e-m/fpu/crtbegin.o

.igot.plt       0x0000000020000074        0x0 load address 0x000000000800bc5c
 .igot.plt      0x0000000020000074        0x0 /opt/homebrew/Cellar/gcc-arm-none-eabi/20160928/bin/../lib/gcc/arm-none-eabi/5.4.1/armv7e-m/fpu/crtbegin.o
                0x0000000020000074                . = ALIGN (0x4)

.bss            0x0000000020000074     0x5a7c load address 0x000000000800bc5c
                0x0000000020000074                _sbss = .
                0x0000000020000074                __bss_start__ = _sbss
 *(.bss)
 .bss           0x0000000020000074       0x1c /opt/homebrew/Cellar/gcc-arm-none-eabi/20160928/bin/../lib/gcc/arm-none-eabi/5.4.1/armv7e-m/fpu/crtbegin.o
 *(.bss*)
 .bss.adc_values
                0x0000000020000090        0x6 CMakeFiles/STM32F446RE_ADC.dir/adc_task.c.obj
 *fill*         0x0000000020000096        0x2 
 .bss.xADCQueue
                0x0000000020000098        0x4 CMakeFiles/STM32F446RE_ADC.dir/adc_task.c.obj
                0x0000000020000098                xADCQueue
 .bss.xADCDataMutex
                0x000000002000009c        0x4 CMakeFiles/STM32F446RE_ADC.dir/adc_task.c.obj
                0x000000002000009c                xADCDataMutex
 .bss.xADCTaskHandle
                0x00000000200000a0        0x4 CMakeFiles/STM32F446RE_ADC.dir/adc_task.c.obj
                0x00000000200000a0                xADCTaskHandle
 .bss.xDACQueue
                0x00000000200000a4        0x4 CMakeFiles/STM32F446RE_ADC.dir/dac_task.c.obj
                0x00000000200000a4                xDACQueue
 .bss.xDACTaskHandle
                0x00000000200000a8        0x4 CMakeFiles/STM32F446RE_ADC.dir/dac_task.c.obj
                0x00000000200000a8                xDACTaskHandle
 .bss.xReportTaskHandle
                0x00000000200000ac        0x4 CMakeFiles/STM32F446RE_ADC.dir/report_task.c.obj
                0x00000000200000ac                xReportTaskHandle
 .bss.hadc1     0x00000000200000b0       0x48 CMakeFiles/STM32F446RE_ADC.dir/hw_init.c.obj
                0x00000000200000b0                hadc1
 .bss.hadc2     0x00000000200000f8       0x48 CMakeFiles/STM32F446RE_ADC.dir/hw_init.c.obj
                0x00000000200000f8                hadc2
 .bss.hadc3     0x0000000020000140       0x48 CMakeFiles/STM32F446RE_ADC.dir/hw_init.c.obj
                0x0000000020000140                hadc3
 .bss.hdma_adc1
                0x0000000020000188       0x60 CMakeFiles/STM32F446RE_ADC.dir/hw_init.c.obj
                0x0000000020000188                hdma_adc1
 .bss.hdma_adc2
                0x00000000200001e8       0x60 CMakeFiles/STM32F446RE_ADC.dir/hw_init.c.obj
                0x00000000200001e8                hdma_adc2
 .bss.hdma_adc3
                0x0000000020000248       0x60 CMakeFiles/STM32F446RE_ADC.dir/hw_init.c.obj
                0x0000000020000248                hdma_adc3
 .bss.huart1    0x00000000200002a8       0x48 CMakeFiles/STM32F446RE_ADC.dir/hw_init.c.obj
                0x00000000200002a8                huart1
 .bss.hi2c1     0x00000000200002f0       0x54 CMakeFiles/STM32F446RE_ADC.dir/hw_init.c.obj
                0x00000000200002f0                hi2c1
 .bss.hdac      0x0000000020000344       0x14 CMakeFiles/STM32F446RE_ADC.dir/hw_init.c.obj
                0x0000000020000344                hdac
 .bss.htim2     0x0000000020000358       0x48 CMakeFiles/STM32F446RE_ADC.dir/hw_init.c.obj
                0x0000000020000358                htim2
 .bss.SSD1306_Buffer
                0x00000000200003a0      0x400 CMakeFiles/STM32F446RE_ADC.dir/libs/stm32-ssd1306/ssd1306/ssd1306.c.obj
 .bss.SSD1306   0x00000000200007a0        0x6 CMakeFiles/STM32F446RE_ADC.dir/libs/stm32-ssd1306/ssd1306/ssd1306.c.obj
 *fill*         0x00000000200007a6        0x2 
 .bss.hdma_adc1.7846
                0x00000000200007a8       0x60 CMakeFiles/STM32F446RE_ADC.dir/stm32f4xx_hal_msp.c.obj
 .bss.hdma_adc2.7848
                0x0000000020000808       0x60 CMakeFiles/STM32F446RE_ADC.dir/stm32f4xx_hal_msp.c.obj
 .bss.hdma_adc3.7850
                0x0000000020000868       0x60 CMakeFiles/STM32F446RE_ADC.dir/stm32f4xx_hal_msp.c.obj
 .bss.heap_end.4986
                0x00000000200008c8        0x4 CMakeFiles/STM32F446RE_ADC.dir/syscalls.c.obj
 .bss.htim6     0x00000000200008cc       0x48 CMakeFiles/STM32F446RE_ADC.dir/stm32_hal_timebase_tim.c.obj
                0x00000000200008cc                htim6
 .bss.uwTick    0x0000000020000914        0x4 CMakeFiles/STM32F446RE_ADC.dir/libs/STM32F4xx_HAL_Driver/Src/stm32f4xx_hal.c.obj
                0x0000000020000914                uwTick
 .bss.pxCurrentTCB
                0x0000000020000918        0x4 CMakeFiles/STM32F446RE_ADC.dir/libs/FreeRTOS/tasks.c.obj
                0x0000000020000918                pxCurrentTCB
 .bss.pxReadyTasksLists
                0x000000002000091c       0x8c CMakeFiles/STM32F446RE_ADC.dir/libs/FreeRTOS/tasks.c.obj
 .bss.xDelayedTaskList1
                0x00000000200009a8       0x14 CMakeFiles/STM32F446RE_ADC.dir/libs/FreeRTOS/tasks.c.obj
 .bss.xDelayedTaskList2
                0x00000000200009bc       0x14 CMakeFiles/STM32F446RE_ADC.dir/libs/FreeRTOS/tasks.c.obj
 .bss.pxDelayedTaskList
                0x00000000200009d0        0x4 CMakeFiles/STM32F446RE_ADC.dir/libs/FreeRTOS/tasks.c.obj
 .bss.pxOverflowDelayedTaskList
                0x00000000200009d4        0x4 CMakeFiles/STM32F446RE_ADC.dir/libs/FreeRTOS/tasks.c.obj
 .bss.xPendingReadyList
                0x00000000200009d8       0x14 CMakeFiles/STM32F446RE_ADC.dir/libs/FreeRTOS/tasks.c.obj
 .bss.xTasksWaitingTermination
                0x00000000200009ec       0x14 CMakeFiles/STM32F446RE_ADC.dir/libs/FreeRTOS/tasks.c.obj
 .bss.uxDeletedTasksWaitingCleanUp
                0x0000000020000a00        0x4 CMakeFiles/STM32F446RE_ADC.dir/libs/FreeRTOS/tasks.c.obj
 .bss.xSuspendedTaskList
                0x0000000020000a04       0x14 CMakeFiles/STM32F446RE_ADC.dir/libs/FreeRTOS/tasks.c.obj
 .bss.uxCurrentNumberOfTasks
                0x0000000020000a18        0x4 CMakeFiles/STM32F446RE_ADC.dir/libs/FreeRTOS/tasks.c.obj
 .bss.xTickCount
                0x0000000020000a1c        0x4 CMakeFiles/STM32F446RE_ADC.dir/libs/FreeRTOS/tasks.c.obj
 .bss.uxTopReadyPriority
                0x0000000020000a20        0x4 CMakeFiles/STM32F446RE_ADC.dir/libs/FreeRTOS/tasks.c.obj
 .bss.xSchedulerRunning
                0x0000000020000a24        0x4 CMakeFiles/STM32F446RE_ADC.dir/libs/FreeRTOS/tasks.c.obj
 .bss.xPendedTicks
                0x0000000020000a28        0x4 CMakeFiles/STM32F446RE_ADC.dir/libs/FreeRTOS/tasks.c.obj
 .bss.xYieldPending
                0x0000000020000a2c        0x4 CMakeFiles/STM32F446RE_ADC.dir/libs/FreeRTOS/tasks.c.obj
 .bss.xNumOfOverflows
                0x0000000020000a30        0x4 CMakeFiles/STM32F446RE_ADC.dir/libs/FreeRTOS/tasks.c.obj
 .bss.uxTaskNumber
                0x0000000020000a34        0x4 CMakeFiles/STM32F446RE_ADC.dir/libs/FreeRTOS/tasks.c.obj
 .bss.xNextTaskUnblockTime
                0x0000000020000a38        0x4 CMakeFiles/STM32F446RE_ADC.dir/libs/FreeRTOS/tasks.c.obj
 .bss.xIdleTaskHandle
                0x0000000020000a3c        0x4 CMakeFiles/STM32F446RE_ADC.dir/libs/FreeRTOS/tasks.c.obj
 .bss.uxSchedulerSuspended
                0x0000000020000a40        0x4 CMakeFiles/STM32F446RE_ADC.dir/libs/FreeRTOS/tasks.c.obj
 .bss.xQueueRegistry
                0x0000000020000a44       0x40 CMakeFiles/STM32F446RE_ADC.dir/libs/FreeRTOS/queue.c.obj
                0x0000000020000a44                xQueueRegistry
 .bss.xActiveTimerList1
                0x0000000020000a84       0x14 CMakeFiles/STM32F446RE_ADC.dir/libs/FreeRTOS/timers.c.obj
 .bss.xActiveTimerList2
                0x0000000020000a98       0x14 CMakeFiles/STM32F446RE_ADC.dir/libs/FreeRTOS/timers.c.obj
 .bss.pxCurrentTimerList
                0x0000000020000aac        0x4 CMakeFiles/STM32F446RE_ADC.dir/libs/FreeRTOS/timers.c.obj
 .bss.pxOverflowTimerList
                0x0000000020000ab0        0x4 CMakeFiles/STM32F446RE_ADC.dir/libs/FreeRTOS/timers.c.obj
 .bss.xTimerQueue
                0x0000000020000ab4        0x4 CMakeFiles/STM32F446RE_ADC.dir/libs/FreeRTOS/timers.c.obj
 .bss.xTimerTaskHandle
                0x0000000020000ab8        0x4 CMakeFiles/STM32F446RE_ADC.dir/libs/FreeRTOS/timers.c.obj
 .bss.xLastTime.5531
                0x0000000020000abc        0x4 CMakeFiles/STM32F446RE_ADC.dir/libs/FreeRTOS/timers.c.obj
 .bss.ucMaxSysCallPriority
                0x0000000020000ac0        0x1 CMakeFiles/STM32F446RE_ADC.dir/libs/FreeRTOS/portable/GCC/ARM_CM4F/port.c.obj
 *fill*         0x0000000020000ac1        0x3 
 .bss.ulMaxPRIGROUPValue
                0x0000000020000ac4        0x4 CMakeFiles/STM32F446RE_ADC.dir/libs/FreeRTOS/portable/GCC/ARM_CM4F/port.c.obj
 .bss.ucHeap    0x0000000020000ac8     0x5000 CMakeFiles/STM32F446RE_ADC.dir/libs/FreeRTOS/portable/MemMang/heap_4.c.obj
 .bss.xStart    0x0000000020005ac8        0x8 CMakeFiles/STM32F446RE_ADC.dir/libs/FreeRTOS/portable/MemMang/heap_4.c.obj
 .bss.pxEnd     0x0000000020005ad0        0x4 CMakeFiles/STM32F446RE_ADC.dir/libs/FreeRTOS/portable/MemMang/heap_4.c.obj
 .bss.xFreeBytesRemaining
                0x0000000020005ad4        0x4 CMakeFiles/STM32F446RE_ADC.dir/libs/FreeRTOS/portable/MemMang/heap_4.c.obj
 .bss.xMinimumEverFreeBytesRemaining
                0x0000000020005ad8        0x4 CMakeFiles/STM32F446RE_ADC.dir/libs/FreeRTOS/portable/MemMang/heap_4.c.obj
 .bss.xNumberOfSuccessfulAllocations
                0x0000000020005adc        0x4 CMakeFiles/STM32F446RE_ADC.dir/libs/FreeRTOS/portable/MemMang/heap_4.c.obj
 .bss.xNumberOfSuccessfulFrees
                0x0000000020005ae0        0x4 CMakeFiles/STM32F446RE_ADC.dir/libs/FreeRTOS/portable/MemMang/heap_4.c.obj
 .bss.__malloc_sbrk_start
                0x0000000020005ae4        0x4 /opt/homebrew/Cellar/gcc-arm-none-eabi/20160928/bin/../lib/gcc/arm-none-eabi/5.4.1/../../../../arm-none-eabi/lib/armv7e-m/fpu/libg_nano.a(lib_a-nano-mallocr.o)
                0x0000000020005ae4                __malloc_sbrk_start
 .bss.__malloc_free_list
                0x0000000020005ae8        0x4 /opt/homebrew/Cellar/gcc-arm-none-eabi/20160928/bin/../lib/gcc/arm-none-eabi/5.4.1/../../../../arm-none-eabi/lib/armv7e-m/fpu/libg_nano.a(lib_a-nano-mallocr.o)
                0x0000000020005ae8                __malloc_free_list
 *(COMMON)
 COMMON         0x0000000020005aec        0x4 /opt/homebrew/Cellar/gcc-arm-none-eabi/20160928/bin/../lib/gcc/arm-none-eabi/5.4.1/../../../../arm-none-eabi/lib/armv7e-m/fpu/libg_nano.a(lib_a-reent.o)
                0x0000000020005aec                errno
                0x0000000020005af0                . = ALIGN (0x4)
                0x0000000020005af0                _ebss = .
                0x0000000020005af0                __bss_end__ = _ebss

._user_heap_stack
                0x0000000020005af0      0x600 load address 0x000000000800bc5c
                0x0000000020005af0                . = ALIGN (0x8)
                0x0000000020005af0                PROVIDE (end, .)
                [!provide]                        PROVIDE (_end, .)
                0x0000000020005cf0                . = (. + _Min_Heap_Size)
 *fill*         0x0000000020005af0      0x200 
                0x00000000200060f0                . = (. + _Min_Stack_Size)
 *fill*         0x0000000020005cf0      0x400 
                0x00000000200060f0                . = ALIGN (0x8)

.ccmram         0x0000000010000000        0x0
                0x0000000010000000                . = ALIGN (0x4)
 *(.ccmram)
 *(.ccmram*)
                0x0000000010000000                . = ALIGN (0x4)

/DISCARD/
 libc.a(*)
 libm.a(*)
 libgcc.a(*)

.ARM.attributes
                0x0000000000000000       0x30
 *(.ARM.attributes)
 .ARM.attributes
                0x0000000000000000       0x22 /opt/homebrew/Cellar/gcc-arm-none-eabi/20160928/bin/../lib/gcc/arm-none-eabi/5.4.1/armv7e-m/fpu/crti.o
 .ARM.attributes
                0x0000000000000022       0x34 /opt/homebrew/Cellar/gcc-arm-none-eabi/20160928/bin/../lib/gcc/arm-none-eabi/5.4.1/armv7e-m/fpu/crtbegin.o
 .ARM.attributes
                0x0000000000000056       0x34 /opt/homebrew/Cellar/gcc-arm-none-eabi/20160928/bin/../lib/gcc/arm-none-eabi/5.4.1/../../../../arm-none-eabi/lib/armv7e-m/fpu/libc_nano.a(lib_a-impure.o)
 .ARM.attributes
                0x000000000000008a       0x34 /opt/homebrew/Cellar/gcc-arm-none-eabi/20160928/bin/../lib/gcc/arm-none-eabi/5.4.1/../../../../arm-none-eabi/lib/armv7e-m/fpu/libc_nano.a(lib_a-init.o)
 .ARM.attributes
                0x00000000000000be       0x34 /opt/homebrew/Cellar/gcc-arm-none-eabi/20160928/bin/../lib/gcc/arm-none-eabi/5.4.1/../../../../arm-none-eabi/lib/armv7e-m/fpu/libc_nano.a(lib_a-memset.o)
 .ARM.attributes
                0x00000000000000f2       0x39 CMakeFiles/STM32F446RE_ADC.dir/main.c.obj
 .ARM.attributes
                0x000000000000012b       0x39 CMakeFiles/STM32F446RE_ADC.dir/adc_task.c.obj
 .ARM.attributes
                0x0000000000000164       0x39 CMakeFiles/STM32F446RE_ADC.dir/dac_task.c.obj
 .ARM.attributes
                0x000000000000019d       0x39 CMakeFiles/STM32F446RE_ADC.dir/report_task.c.obj
 .ARM.attributes
                0x00000000000001d6       0x39 CMakeFiles/STM32F446RE_ADC.dir/hw_init.c.obj
 .ARM.attributes
                0x000000000000020f       0x39 CMakeFiles/STM32F446RE_ADC.dir/libs/stm32-ssd1306/ssd1306/ssd1306.c.obj
 .ARM.attributes
                0x0000000000000248       0x39 CMakeFiles/STM32F446RE_ADC.dir/libs/stm32-ssd1306/ssd1306/ssd1306_fonts.c.obj
 .ARM.attributes
                0x0000000000000281       0x39 CMakeFiles/STM32F446RE_ADC.dir/stm32f4xx_hal_msp.c.obj
 .ARM.attributes
                0x00000000000002ba       0x39 CMakeFiles/STM32F446RE_ADC.dir/stm32f4xx_it.c.obj
 .ARM.attributes
                0x00000000000002f3       0x39 CMakeFiles/STM32F446RE_ADC.dir/syscalls.c.obj
 .ARM.attributes
                0x000000000000032c       0x39 CMakeFiles/STM32F446RE_ADC.dir/system_stm32f4xx.c.obj
 .ARM.attributes
                0x0000000000000365       0x39 CMakeFiles/STM32F446RE_ADC.dir/stm32_hal_timebase_tim.c.obj
 .ARM.attributes
                0x000000000000039e       0x39 CMakeFiles/STM32F446RE_ADC.dir/libs/STM32F4xx_HAL_Driver/Src/stm32f4xx_hal.c.obj
 .ARM.attributes
                0x00000000000003d7       0x39 CMakeFiles/STM32F446RE_ADC.dir/libs/STM32F4xx_HAL_Driver/Src/stm32f4xx_hal_adc.c.obj
 .ARM.attributes
                0x0000000000000410       0x39 CMakeFiles/STM32F446RE_ADC.dir/libs/STM32F4xx_HAL_Driver/Src/stm32f4xx_hal_adc_ex.c.obj
 .ARM.attributes
                0x0000000000000449       0x39 CMakeFiles/STM32F446RE_ADC.dir/libs/STM32F4xx_HAL_Driver/Src/stm32f4xx_hal_cortex.c.obj
 .ARM.attributes
                0x0000000000000482       0x39 CMakeFiles/STM32F446RE_ADC.dir/libs/STM32F4xx_HAL_Driver/Src/stm32f4xx_hal_dac.c.obj
 .ARM.attributes
                0x00000000000004bb       0x39 CMakeFiles/STM32F446RE_ADC.dir/libs/STM32F4xx_HAL_Driver/Src/stm32f4xx_hal_dma.c.obj
 .ARM.attributes
                0x00000000000004f4       0x39 CMakeFiles/STM32F446RE_ADC.dir/libs/STM32F4xx_HAL_Driver/Src/stm32f4xx_hal_gpio.c.obj
 .ARM.attributes
                0x000000000000052d       0x39 CMakeFiles/STM32F446RE_ADC.dir/libs/STM32F4xx_HAL_Driver/Src/stm32f4xx_hal_i2c.c.obj
 .ARM.attributes
                0x0000000000000566       0x39 CMakeFiles/STM32F446RE_ADC.dir/libs/STM32F4xx_HAL_Driver/Src/stm32f4xx_hal_rcc.c.obj
 .ARM.attributes
                0x000000000000059f       0x39 CMakeFiles/STM32F446RE_ADC.dir/libs/STM32F4xx_HAL_Driver/Src/stm32f4xx_hal_rcc_ex.c.obj
 .ARM.attributes
                0x00000000000005d8       0x39 CMakeFiles/STM32F446RE_ADC.dir/libs/STM32F4xx_HAL_Driver/Src/stm32f4xx_hal_tim.c.obj
 .ARM.attributes
                0x0000000000000611       0x39 CMakeFiles/STM32F446RE_ADC.dir/libs/STM32F4xx_HAL_Driver/Src/stm32f4xx_hal_tim_ex.c.obj
 .ARM.attributes
                0x000000000000064a       0x39 CMakeFiles/STM32F446RE_ADC.dir/libs/STM32F4xx_HAL_Driver/Src/stm32f4xx_hal_uart.c.obj
 .ARM.attributes
                0x0000000000000683       0x39 CMakeFiles/STM32F446RE_ADC.dir/libs/FreeRTOS/tasks.c.obj
 .ARM.attributes
                0x00000000000006bc       0x39 CMakeFiles/STM32F446RE_ADC.dir/libs/FreeRTOS/queue.c.obj
 .ARM.attributes
                0x00000000000006f5       0x39 CMakeFiles/STM32F446RE_ADC.dir/libs/FreeRTOS/list.c.obj
 .ARM.attributes
                0x000000000000072e       0x39 CMakeFiles/STM32F446RE_ADC.dir/libs/FreeRTOS/timers.c.obj
 .ARM.attributes
                0x0000000000000767       0x39 CMakeFiles/STM32F446RE_ADC.dir/libs/FreeRTOS/portable/GCC/ARM_CM4F/port.c.obj
 .ARM.attributes
                0x00000000000007a0       0x39 CMakeFiles/STM32F446RE_ADC.dir/libs/FreeRTOS/portable/MemMang/heap_4.c.obj
 .ARM.attributes
                0x00000000000007d9       0x21 CMakeFiles/STM32F446RE_ADC.dir/startup_stm32f446xx.s.obj
 .ARM.attributes
                0x00000000000007fa       0x22 /opt/homebrew/Cellar/gcc-arm-none-eabi/20160928/bin/../lib/gcc/arm-none-eabi/5.4.1/armv7e-m/fpu/libgcc.a(_aeabi_uldivmod.o)
 .ARM.attributes
                0x000000000000081c       0x34 /opt/homebrew/Cellar/gcc-arm-none-eabi/20160928/bin/../lib/gcc/arm-none-eabi/5.4.1/armv7e-m/fpu/libgcc.a(_udivmoddi4.o)
 .ARM.attributes
                0x0000000000000850       0x22 /opt/homebrew/Cellar/gcc-arm-none-eabi/20160928/bin/../lib/gcc/arm-none-eabi/5.4.1/armv7e-m/fpu/libgcc.a(_dvmd_tls.o)
 .ARM.attributes
                0x0000000000000872       0x34 /opt/homebrew/Cellar/gcc-arm-none-eabi/20160928/bin/../lib/gcc/arm-none-eabi/5.4.1/../../../../arm-none-eabi/lib/armv7e-m/fpu/libg_nano.a(lib_a-errno.o)
 .ARM.attributes
                0x00000000000008a6       0x34 /opt/homebrew/Cellar/gcc-arm-none-eabi/20160928/bin/../lib/gcc/arm-none-eabi/5.4.1/../../../../arm-none-eabi/lib/armv7e-m/fpu/libg_nano.a(lib_a-memcpy-stub.o)
 .ARM.attributes
                0x00000000000008da       0x34 /opt/homebrew/Cellar/gcc-arm-none-eabi/20160928/bin/../lib/gcc/arm-none-eabi/5.4.1/../../../../arm-none-eabi/lib/armv7e-m/fpu/libg_nano.a(lib_a-snprintf.o)
 .ARM.attributes
                0x000000000000090e       0x34 /opt/homebrew/Cellar/gcc-arm-none-eabi/20160928/bin/../lib/gcc/arm-none-eabi/5.4.1/../../../../arm-none-eabi/lib/armv7e-m/fpu/libg_nano.a(lib_a-nano-svfprintf.o)
 .ARM.attributes
                0x0000000000000942       0x34 /opt/homebrew/Cellar/gcc-arm-none-eabi/20160928/bin/../lib/gcc/arm-none-eabi/5.4.1/../../../../arm-none-eabi/lib/armv7e-m/fpu/libg_nano.a(lib_a-nano-vfprintf_i.o)
 .ARM.attributes
                0x0000000000000976       0x20 /opt/homebrew/Cellar/gcc-arm-none-eabi/20160928/bin/../lib/gcc/arm-none-eabi/5.4.1/../../../../arm-none-eabi/lib/armv7e-m/fpu/libg_nano.a(lib_a-memchr.o)
 .ARM.attributes
                0x0000000000000996       0x34 /opt/homebrew/Cellar/gcc-arm-none-eabi/20160928/bin/../lib/gcc/arm-none-eabi/5.4.1/../../../../arm-none-eabi/lib/armv7e-m/fpu/libg_nano.a(lib_a-memmove.o)
 .ARM.attributes